Archive member included to satisfy reference by file (symbol)

d:/nxp/mcuxpressoide_11.5.1_7266/ide/tools/bin/../lib/gcc/arm-none-eabi/10.3.1/../../../../arm-none-eabi/lib/thumb/v7e-m+dp/hard\libc_nano.a(lib_a-errno.o)
                              CMakeFiles/lvgl_guider.elf.dir/utilities/fsl_str.c.obj (__errno)
d:/nxp/mcuxpressoide_11.5.1_7266/ide/tools/bin/../lib/gcc/arm-none-eabi/10.3.1/../../../../arm-none-eabi/lib/thumb/v7e-m+dp/hard\libc_nano.a(lib_a-exit.o)
                              d:/nxp/mcuxpressoide_11.5.1_7266/ide/tools/bin/../lib/gcc/arm-none-eabi/10.3.1/../../../../arm-none-eabi/lib/thumb/v7e-m+dp/hard/crt0.o (exit)
d:/nxp/mcuxpressoide_11.5.1_7266/ide/tools/bin/../lib/gcc/arm-none-eabi/10.3.1/../../../../arm-none-eabi/lib/thumb/v7e-m+dp/hard\libc_nano.a(lib_a-impure.o)
                              d:/nxp/mcuxpressoide_11.5.1_7266/ide/tools/bin/../lib/gcc/arm-none-eabi/10.3.1/../../../../arm-none-eabi/lib/thumb/v7e-m+dp/hard\libc_nano.a(lib_a-exit.o) (_global_impure_ptr)
d:/nxp/mcuxpressoide_11.5.1_7266/ide/tools/bin/../lib/gcc/arm-none-eabi/10.3.1/../../../../arm-none-eabi/lib/thumb/v7e-m+dp/hard\libc_nano.a(lib_a-init.o)
                              d:/nxp/mcuxpressoide_11.5.1_7266/ide/tools/bin/../lib/gcc/arm-none-eabi/10.3.1/../../../../arm-none-eabi/lib/thumb/v7e-m+dp/hard/crt0.o (__libc_init_array)
d:/nxp/mcuxpressoide_11.5.1_7266/ide/tools/bin/../lib/gcc/arm-none-eabi/10.3.1/../../../../arm-none-eabi/lib/thumb/v7e-m+dp/hard\libc_nano.a(lib_a-malloc.o)
                              CMakeFiles/lvgl_guider.elf.dir/drivers/fsl_common.c.obj (malloc)
d:/nxp/mcuxpressoide_11.5.1_7266/ide/tools/bin/../lib/gcc/arm-none-eabi/10.3.1/../../../../arm-none-eabi/lib/thumb/v7e-m+dp/hard\libc_nano.a(lib_a-memcmp.o)
                              CMakeFiles/lvgl_guider.elf.dir/lvgl/lvgl/src/font/lv_font_loader.c.obj (memcmp)
d:/nxp/mcuxpressoide_11.5.1_7266/ide/tools/bin/../lib/gcc/arm-none-eabi/10.3.1/../../../../arm-none-eabi/lib/thumb/v7e-m+dp/hard\libc_nano.a(lib_a-memcpy-stub.o)
                              CMakeFiles/lvgl_guider.elf.dir/freertos/freertos_kernel/queue.c.obj (memcpy)
d:/nxp/mcuxpressoide_11.5.1_7266/ide/tools/bin/../lib/gcc/arm-none-eabi/10.3.1/../../../../arm-none-eabi/lib/thumb/v7e-m+dp/hard\libc_nano.a(lib_a-memset.o)
                              d:/nxp/mcuxpressoide_11.5.1_7266/ide/tools/bin/../lib/gcc/arm-none-eabi/10.3.1/../../../../arm-none-eabi/lib/thumb/v7e-m+dp/hard/crt0.o (memset)
d:/nxp/mcuxpressoide_11.5.1_7266/ide/tools/bin/../lib/gcc/arm-none-eabi/10.3.1/../../../../arm-none-eabi/lib/thumb/v7e-m+dp/hard\libc_nano.a(lib_a-nano-freer.o)
                              d:/nxp/mcuxpressoide_11.5.1_7266/ide/tools/bin/../lib/gcc/arm-none-eabi/10.3.1/../../../../arm-none-eabi/lib/thumb/v7e-m+dp/hard\libc_nano.a(lib_a-malloc.o) (_free_r)
d:/nxp/mcuxpressoide_11.5.1_7266/ide/tools/bin/../lib/gcc/arm-none-eabi/10.3.1/../../../../arm-none-eabi/lib/thumb/v7e-m+dp/hard\libc_nano.a(lib_a-nano-mallocr.o)
                              d:/nxp/mcuxpressoide_11.5.1_7266/ide/tools/bin/../lib/gcc/arm-none-eabi/10.3.1/../../../../arm-none-eabi/lib/thumb/v7e-m+dp/hard\libc_nano.a(lib_a-malloc.o) (_malloc_r)
d:/nxp/mcuxpressoide_11.5.1_7266/ide/tools/bin/../lib/gcc/arm-none-eabi/10.3.1/../../../../arm-none-eabi/lib/thumb/v7e-m+dp/hard\libc_nano.a(lib_a-printf.o)
                              CMakeFiles/lvgl_guider.elf.dir/custom/custom.c.obj (printf)
d:/nxp/mcuxpressoide_11.5.1_7266/ide/tools/bin/../lib/gcc/arm-none-eabi/10.3.1/../../../../arm-none-eabi/lib/thumb/v7e-m+dp/hard\libc_nano.a(lib_a-sbrkr.o)
                              d:/nxp/mcuxpressoide_11.5.1_7266/ide/tools/bin/../lib/gcc/arm-none-eabi/10.3.1/../../../../arm-none-eabi/lib/thumb/v7e-m+dp/hard\libc_nano.a(lib_a-nano-mallocr.o) (_sbrk_r)
d:/nxp/mcuxpressoide_11.5.1_7266/ide/tools/bin/../lib/gcc/arm-none-eabi/10.3.1/../../../../arm-none-eabi/lib/thumb/v7e-m+dp/hard\libc_nano.a(lib_a-sprintf.o)
                              CMakeFiles/lvgl_guider.elf.dir/freertos/freertos_kernel/tasks.c.obj (sprintf)
d:/nxp/mcuxpressoide_11.5.1_7266/ide/tools/bin/../lib/gcc/arm-none-eabi/10.3.1/../../../../arm-none-eabi/lib/thumb/v7e-m+dp/hard\libc_nano.a(lib_a-strcat.o)
                              CMakeFiles/lvgl_guider.elf.dir/lvgl/lvgl/src/widgets/lv_dropdown.c.obj (strcat)
d:/nxp/mcuxpressoide_11.5.1_7266/ide/tools/bin/../lib/gcc/arm-none-eabi/10.3.1/../../../../arm-none-eabi/lib/thumb/v7e-m+dp/hard\libc_nano.a(lib_a-strcmp.o)
                              CMakeFiles/lvgl_guider.elf.dir/lvgl/lvgl/src/draw/lv_img_cache.c.obj (strcmp)
d:/nxp/mcuxpressoide_11.5.1_7266/ide/tools/bin/../lib/gcc/arm-none-eabi/10.3.1/../../../../arm-none-eabi/lib/thumb/v7e-m+dp/hard\libc_nano.a(lib_a-strcpy.o)
                              CMakeFiles/lvgl_guider.elf.dir/freertos/freertos_kernel/tasks.c.obj (strcpy)
[...]
Memory Configuration

Name             Origin             Length             Attributes
m_flash_config   0x60000000         0x00001000         xr
m_ivt            0x60001000         0x00001000         xr
m_interrupts     0x60002000         0x00000400         xr
m_text           0x60002400         0x007fdc00         xr
m_qacode         0x00000000         0x00020000         xr
m_data           0x80000000         0x01600000         rw
m_ncache         0x81e00000         0x00200000         rw
m_data2          0x20000000         0x00020000         rw
m_data3          0x20200000         0x000c0000         rw
m_heap           0x81600000         0x00800000         rw
*default*        0x00000000         0xffffffff

Linker script and memory map

LOAD d:/nxp/mcuxpressoide_11.5.1_7266/ide/tools/bin/../lib/gcc/arm-none-eabi/10.3.1/thumb/v7e-m+dp/hard/crti.o
LOAD d:/nxp/mcuxpressoide_11.5.1_7266/ide/tools/bin/../lib/gcc/arm-none-eabi/10.3.1/thumb/v7e-m+dp/hard/crtbegin.o
LOAD d:/nxp/mcuxpressoide_11.5.1_7266/ide/tools/bin/../lib/gcc/arm-none-eabi/10.3.1/../../../../arm-none-eabi/lib/thumb/v7e-m+dp/hard/crt0.o
LOAD CMakeFiles/lvgl_guider.elf.dir/board/board.c.obj
LOAD CMakeFiles/lvgl_guider.elf.dir/board/clock_config.c.obj
LOAD CMakeFiles/lvgl_guider.elf.dir/board/dcd.c.obj
LOAD CMakeFiles/lvgl_guider.elf.dir/board/lvgl_support.c.obj
LOAD CMakeFiles/lvgl_guider.elf.dir/board/pin_mux.c.obj
LOAD CMakeFiles/lvgl_guider.elf.dir/source/lvgl_guider.c.obj
LOAD CMakeFiles/lvgl_guider.elf.dir/custom/custom.c.obj
LOAD CMakeFiles/lvgl_guider.elf.dir/generated/events_init.c.obj
LOAD CMakeFiles/lvgl_guider.elf.dir/generated/gui_guider.c.obj
LOAD CMakeFiles/lvgl_guider.elf.dir/generated/guider_fonts/lv_font_simsun_12.c.obj
LOAD CMakeFiles/lvgl_guider.elf.dir/generated/images/_blue_mouth_120x40.c.obj
LOAD CMakeFiles/lvgl_guider.elf.dir/generated/setup_scr_screen.c.obj
LOAD CMakeFiles/lvgl_guider.elf.dir/drivers/fsl_elcdif.c.obj
LOAD CMakeFiles/lvgl_guider.elf.dir/drivers/fsl_common.c.obj
LOAD CMakeFiles/lvgl_guider.elf.dir/drivers/fsl_common_arm.c.obj
LOAD CMakeFiles/lvgl_guider.elf.dir/drivers/fsl_clock.c.obj
LOAD CMakeFiles/lvgl_guider.elf.dir/drivers/fsl_lpi2c.c.obj
LOAD CMakeFiles/lvgl_guider.elf.dir/touchpanel/fsl_ft5406_rt.c.obj
LOAD CMakeFiles/lvgl_guider.elf.dir/drivers/fsl_pxp.c.obj
LOAD CMakeFiles/lvgl_guider.elf.dir/drivers/fsl_cache.c.obj
LOAD CMakeFiles/lvgl_guider.elf.dir/touchpanel/fsl_gt911.c.obj
LOAD CMakeFiles/lvgl_guider.elf.dir/video/fsl_video_common.c.obj
LOAD CMakeFiles/lvgl_guider.elf.dir/freertos/freertos_kernel/portable/MemMang/heap_4.c.obj
LOAD CMakeFiles/lvgl_guider.elf.dir/freertos/freertos_kernel/croutine.c.obj
LOAD CMakeFiles/lvgl_guider.elf.dir/freertos/freertos_kernel/event_groups.c.obj
LOAD CMakeFiles/lvgl_guider.elf.dir/freertos/freertos_kernel/list.c.obj
LOAD CMakeFiles/lvgl_guider.elf.dir/freertos/freertos_kernel/portable/GCC/ARM_CM4F/port.c.obj
LOAD CMakeFiles/lvgl_guider.elf.dir/freertos/freertos_kernel/queue.c.obj
LOAD CMakeFiles/lvgl_guider.elf.dir/freertos/freertos_kernel/stream_buffer.c.obj
LOAD CMakeFiles/lvgl_guider.elf.dir/freertos/freertos_kernel/tasks.c.obj
LOAD CMakeFiles/lvgl_guider.elf.dir/freertos/freertos_kernel/timers.c.obj
LOAD CMakeFiles/lvgl_guider.elf.dir/lvgl/lvgl/src/core/lv_disp.c.obj
LOAD CMakeFiles/lvgl_guider.elf.dir/lvgl/lvgl/src/core/lv_event.c.obj
LOAD CMakeFiles/lvgl_guider.elf.dir/lvgl/lvgl/src/core/lv_group.c.obj
LOAD CMakeFiles/lvgl_guider.elf.dir/lvgl/lvgl/src/core/lv_indev.c.obj
LOAD CMakeFiles/lvgl_guider.elf.dir/lvgl/lvgl/src/core/lv_indev_scroll.c.obj
LOAD CMakeFiles/lvgl_guider.elf.dir/lvgl/lvgl/src/core/lv_obj.c.obj
LOAD CMakeFiles/lvgl_guider.elf.dir/lvgl/lvgl/src/core/lv_obj_class.c.obj
LOAD CMakeFiles/lvgl_guider.elf.dir/lvgl/lvgl/src/core/lv_obj_draw.c.obj
LOAD CMakeFiles/lvgl_guider.elf.dir/lvgl/lvgl/src/core/lv_obj_pos.c.obj
LOAD CMakeFiles/lvgl_guider.elf.dir/lvgl/lvgl/src/core/lv_obj_scroll.c.obj
LOAD CMakeFiles/lvgl_guider.elf.dir/lvgl/lvgl/src/core/lv_obj_style.c.obj
LOAD CMakeFiles/lvgl_guider.elf.dir/lvgl/lvgl/src/core/lv_obj_style_gen.c.obj
LOAD CMakeFiles/lvgl_guider.elf.dir/lvgl/lvgl/src/core/lv_obj_tree.c.obj
LOAD CMakeFiles/lvgl_guider.elf.dir/lvgl/lvgl/src/core/lv_refr.c.obj
LOAD CMakeFiles/lvgl_guider.elf.dir/lvgl/lvgl/src/core/lv_theme.c.obj
LOAD CMakeFiles/lvgl_guider.elf.dir/lvgl/lvgl/src/draw/lv_draw_arc.c.obj
LOAD CMakeFiles/lvgl_guider.elf.dir/lvgl/lvgl/src/draw/lv_draw_blend.c.obj
LOAD CMakeFiles/lvgl_guider.elf.dir/lvgl/lvgl/src/draw/lv_draw_img.c.obj
LOAD CMakeFiles/lvgl_guider.elf.dir/lvgl/lvgl/src/draw/lv_draw_label.c.obj
LOAD CMakeFiles/lvgl_guider.elf.dir/lvgl/lvgl/src/draw/lv_draw_line.c.obj
LOAD CMakeFiles/lvgl_guider.elf.dir/lvgl/lvgl/src/draw/lv_draw_mask.c.obj
LOAD CMakeFiles/lvgl_guider.elf.dir/lvgl/lvgl/src/draw/lv_draw_rect.c.obj
LOAD CMakeFiles/lvgl_guider.elf.dir/lvgl/lvgl/src/draw/lv_draw_triangle.c.obj
LOAD CMakeFiles/lvgl_guider.elf.dir/lvgl/lvgl/src/draw/lv_img_buf.c.obj
LOAD CMakeFiles/lvgl_guider.elf.dir/lvgl/lvgl/src/draw/lv_img_cache.c.obj
LOAD CMakeFiles/lvgl_guider.elf.dir/lvgl/lvgl/src/draw/lv_img_decoder.c.obj
LOAD CMakeFiles/lvgl_guider.elf.dir/lvgl/lvgl/src/font/lv_font.c.obj
LOAD CMakeFiles/lvgl_guider.elf.dir/lvgl/lvgl/src/font/lv_font_dejavu_16_persian_hebrew.c.obj
LOAD CMakeFiles/lvgl_guider.elf.dir/lvgl/lvgl/src/font/lv_font_fmt_txt.c.obj
LOAD CMakeFiles/lvgl_guider.elf.dir/lvgl/lvgl/src/font/lv_font_loader.c.obj
LOAD CMakeFiles/lvgl_guider.elf.dir/lvgl/lvgl/src/font/lv_font_montserrat_8.c.obj
LOAD CMakeFiles/lvgl_guider.elf.dir/lvgl/lvgl/src/font/lv_font_montserrat_10.c.obj
LOAD CMakeFiles/lvgl_guider.elf.dir/lvgl/lvgl/src/font/lv_font_montserrat_12.c.obj
LOAD CMakeFiles/lvgl_guider.elf.dir/lvgl/lvgl/src/font/lv_font_montserrat_12_subpx.c.obj
LOAD CMakeFiles/lvgl_guider.elf.dir/lvgl/lvgl/src/font/lv_font_montserrat_14.c.obj
LOAD CMakeFiles/lvgl_guider.elf.dir/lvgl/lvgl/src/font/lv_font_montserrat_16.c.obj
LOAD CMakeFiles/lvgl_guider.elf.dir/lvgl/lvgl/src/font/lv_font_montserrat_18.c.obj
LOAD CMakeFiles/lvgl_guider.elf.dir/lvgl/lvgl/src/font/lv_font_montserrat_20.c.obj
LOAD CMakeFiles/lvgl_guider.elf.dir/lvgl/lvgl/src/font/lv_font_montserrat_22.c.obj
LOAD CMakeFiles/lvgl_guider.elf.dir/lvgl/lvgl/src/font/lv_font_montserrat_24.c.obj
LOAD CMakeFiles/lvgl_guider.elf.dir/lvgl/lvgl/src/font/lv_font_montserrat_26.c.obj
LOAD CMakeFiles/lvgl_guider.elf.dir/lvgl/lvgl/src/font/lv_font_montserrat_28.c.obj
LOAD CMakeFiles/lvgl_guider.elf.dir/lvgl/lvgl/src/font/lv_font_montserrat_28_compressed.c.obj
LOAD CMakeFiles/lvgl_guider.elf.dir/lvgl/lvgl/src/font/lv_font_montserrat_30.c.obj
LOAD CMakeFiles/lvgl_guider.elf.dir/lvgl/lvgl/src/font/lv_font_montserrat_32.c.obj
LOAD CMakeFiles/lvgl_guider.elf.dir/lvgl/lvgl/src/font/lv_font_montserrat_34.c.obj
LOAD CMakeFiles/lvgl_guider.elf.dir/lvgl/lvgl/src/font/lv_font_montserrat_36.c.obj
LOAD CMakeFiles/lvgl_guider.elf.dir/lvgl/lvgl/src/font/lv_font_montserrat_38.c.obj
LOAD CMakeFiles/lvgl_guider.elf.dir/lvgl/lvgl/src/font/lv_font_montserrat_40.c.obj
LOAD CMakeFiles/lvgl_guider.elf.dir/lvgl/lvgl/src/font/lv_font_montserrat_42.c.obj
LOAD CMakeFiles/lvgl_guider.elf.dir/lvgl/lvgl/src/font/lv_font_montserrat_44.c.obj
LOAD CMakeFiles/lvgl_guider.elf.dir/lvgl/lvgl/src/font/lv_font_montserrat_46.c.obj
LOAD CMakeFiles/lvgl_guider.elf.dir/lvgl/lvgl/src/font/lv_font_montserrat_48.c.obj
LOAD CMakeFiles/lvgl_guider.elf.dir/lvgl/lvgl/src/font/lv_font_simsun_16_cjk.c.obj
LOAD CMakeFiles/lvgl_guider.elf.dir/lvgl/lvgl/src/font/lv_font_unscii_8.c.obj
LOAD CMakeFiles/lvgl_guider.elf.dir/lvgl/lvgl/src/font/lv_font_unscii_16.c.obj
LOAD CMakeFiles/lvgl_guider.elf.dir/lvgl/lvgl/src/gpu/lv_gpu_nxp_pxp.c.obj
LOAD CMakeFiles/lvgl_guider.elf.dir/lvgl/lvgl/src/gpu/lv_gpu_nxp_pxp_osa.c.obj
LOAD CMakeFiles/lvgl_guider.elf.dir/lvgl/lvgl/src/gpu/lv_gpu_nxp_vglite.c.obj
LOAD CMakeFiles/lvgl_guider.elf.dir/lvgl/lvgl/src/gpu/lv_gpu_stm32_dma2d.c.obj
LOAD CMakeFiles/lvgl_guider.elf.dir/lvgl/lvgl/src/hal/lv_hal_disp.c.obj
LOAD CMakeFiles/lvgl_guider.elf.dir/lvgl/lvgl/src/hal/lv_hal_indev.c.obj
LOAD CMakeFiles/lvgl_guider.elf.dir/lvgl/lvgl/src/hal/lv_hal_tick.c.obj
LOAD CMakeFiles/lvgl_guider.elf.dir/lvgl/lvgl/src/misc/lv_anim.c.obj
LOAD CMakeFiles/lvgl_guider.elf.dir/lvgl/lvgl/src/misc/lv_area.c.obj
LOAD CMakeFiles/lvgl_guider.elf.dir/lvgl/lvgl/src/misc/lv_async.c.obj
LOAD CMakeFiles/lvgl_guider.elf.dir/lvgl/lvgl/src/misc/lv_bidi.c.obj
LOAD CMakeFiles/lvgl_guider.elf.dir/lvgl/lvgl/src/misc/lv_color.c.obj
LOAD CMakeFiles/lvgl_guider.elf.dir/lvgl/lvgl/src/misc/lv_fs.c.obj
LOAD CMakeFiles/lvgl_guider.elf.dir/lvgl/lvgl/src/misc/lv_gc.c.obj
LOAD CMakeFiles/lvgl_guider.elf.dir/lvgl/lvgl/src/misc/lv_ll.c.obj
LOAD CMakeFiles/lvgl_guider.elf.dir/lvgl/lvgl/src/misc/lv_log.c.obj
LOAD CMakeFiles/lvgl_guider.elf.dir/lvgl/lvgl/src/misc/lv_math.c.obj
LOAD CMakeFiles/lvgl_guider.elf.dir/lvgl/lvgl/src/misc/lv_mem.c.obj
LOAD CMakeFiles/lvgl_guider.elf.dir/lvgl/lvgl/src/misc/lv_printf.c.obj
LOAD CMakeFiles/lvgl_guider.elf.dir/lvgl/lvgl/src/misc/lv_style.c.obj
LOAD CMakeFiles/lvgl_guider.elf.dir/lvgl/lvgl/src/misc/lv_style_gen.c.obj
LOAD CMakeFiles/lvgl_guider.elf.dir/lvgl/lvgl/src/misc/lv_templ.c.obj
LOAD CMakeFiles/lvgl_guider.elf.dir/lvgl/lvgl/src/misc/lv_timer.c.obj
LOAD CMakeFiles/lvgl_guider.elf.dir/lvgl/lvgl/src/misc/lv_tlsf.c.obj
LOAD CMakeFiles/lvgl_guider.elf.dir/lvgl/lvgl/src/misc/lv_txt.c.obj
LOAD CMakeFiles/lvgl_guider.elf.dir/lvgl/lvgl/src/misc/lv_txt_ap.c.obj
LOAD CMakeFiles/lvgl_guider.elf.dir/lvgl/lvgl/src/misc/lv_utils.c.obj
LOAD CMakeFiles/lvgl_guider.elf.dir/lvgl/lvgl/src/widgets/lv_arc.c.obj
LOAD CMakeFiles/lvgl_guider.elf.dir/lvgl/lvgl/src/widgets/lv_bar.c.obj
LOAD CMakeFiles/lvgl_guider.elf.dir/lvgl/lvgl/src/widgets/lv_btn.c.obj
LOAD CMakeFiles/lvgl_guider.elf.dir/lvgl/lvgl/src/widgets/lv_btnmatrix.c.obj
LOAD CMakeFiles/lvgl_guider.elf.dir/lvgl/lvgl/src/widgets/lv_canvas.c.obj
LOAD CMakeFiles/lvgl_guider.elf.dir/lvgl/lvgl/src/widgets/lv_checkbox.c.obj
LOAD CMakeFiles/lvgl_guider.elf.dir/lvgl/lvgl/src/widgets/lv_dropdown.c.obj
LOAD CMakeFiles/lvgl_guider.elf.dir/lvgl/lvgl/src/widgets/lv_img.c.obj
LOAD CMakeFiles/lvgl_guider.elf.dir/lvgl/lvgl/src/widgets/lv_label.c.obj
LOAD CMakeFiles/lvgl_guider.elf.dir/lvgl/lvgl/src/widgets/lv_line.c.obj
LOAD CMakeFiles/lvgl_guider.elf.dir/lvgl/lvgl/src/widgets/lv_objx_templ.c.obj
LOAD CMakeFiles/lvgl_guider.elf.dir/lvgl/lvgl/src/widgets/lv_roller.c.obj
LOAD CMakeFiles/lvgl_guider.elf.dir/lvgl/lvgl/src/widgets/lv_slider.c.obj
LOAD CMakeFiles/lvgl_guider.elf.dir/lvgl/lvgl/src/widgets/lv_switch.c.obj
LOAD CMakeFiles/lvgl_guider.elf.dir/lvgl/lvgl/src/widgets/lv_table.c.obj
LOAD CMakeFiles/lvgl_guider.elf.dir/lvgl/lvgl/src/widgets/lv_textarea.c.obj
LOAD CMakeFiles/lvgl_guider.elf.dir/lvgl/lvgl/src/extra/lv_extra.c.obj
LOAD CMakeFiles/lvgl_guider.elf.dir/lvgl/lvgl/src/extra/layouts/flex/lv_flex.c.obj
LOAD CMakeFiles/lvgl_guider.elf.dir/lvgl/lvgl/src/extra/layouts/grid/lv_grid.c.obj
LOAD CMakeFiles/lvgl_guider.elf.dir/lvgl/lvgl/src/extra/themes/basic/lv_theme_basic.c.obj
LOAD CMakeFiles/lvgl_guider.elf.dir/lvgl/lvgl/src/extra/themes/default/lv_theme_default.c.obj
LOAD CMakeFiles/lvgl_guider.elf.dir/lvgl/lvgl/src/extra/themes/mono/lv_theme_mono.c.obj
LOAD CMakeFiles/lvgl_guider.elf.dir/lvgl/lvgl/src/extra/widgets/animimg/lv_animimg.c.obj
LOAD CMakeFiles/lvgl_guider.elf.dir/lvgl/lvgl/src/extra/widgets/calendar/lv_calendar.c.obj
LOAD CMakeFiles/lvgl_guider.elf.dir/lvgl/lvgl/src/extra/widgets/calendar/lv_calendar_header_arrow.c.obj
LOAD CMakeFiles/lvgl_guider.elf.dir/lvgl/lvgl/src/extra/widgets/calendar/lv_calendar_header_dropdown.c.obj
LOAD CMakeFiles/lvgl_guider.elf.dir/lvgl/lvgl/src/extra/widgets/chart/lv_chart.c.obj
LOAD CMakeFiles/lvgl_guider.elf.dir/lvgl/lvgl/src/extra/widgets/colorwheel/lv_colorwheel.c.obj
LOAD CMakeFiles/lvgl_guider.elf.dir/lvgl/lvgl/src/extra/widgets/imgbtn/lv_imgbtn.c.obj
LOAD CMakeFiles/lvgl_guider.elf.dir/lvgl/lvgl/src/extra/widgets/keyboard/lv_keyboard.c.obj
LOAD CMakeFiles/lvgl_guider.elf.dir/lvgl/lvgl/src/extra/widgets/led/lv_led.c.obj
LOAD CMakeFiles/lvgl_guider.elf.dir/lvgl/lvgl/src/extra/widgets/list/lv_list.c.obj
LOAD CMakeFiles/lvgl_guider.elf.dir/lvgl/lvgl/src/extra/widgets/meter/lv_meter.c.obj
LOAD CMakeFiles/lvgl_guider.elf.dir/lvgl/lvgl/src/extra/widgets/msgbox/lv_msgbox.c.obj
LOAD CMakeFiles/lvgl_guider.elf.dir/lvgl/lvgl/src/extra/widgets/span/lv_span.c.obj
LOAD CMakeFiles/lvgl_guider.elf.dir/lvgl/lvgl/src/extra/widgets/spinbox/lv_spinbox.c.obj
LOAD CMakeFiles/lvgl_guider.elf.dir/lvgl/lvgl/src/extra/widgets/spinner/lv_spinner.c.obj
LOAD CMakeFiles/lvgl_guider.elf.dir/lvgl/lvgl/src/extra/widgets/tabview/lv_tabview.c.obj
LOAD CMakeFiles/lvgl_guider.elf.dir/lvgl/lvgl/src/extra/widgets/tileview/lv_tileview.c.obj
LOAD CMakeFiles/lvgl_guider.elf.dir/lvgl/lvgl/src/extra/widgets/win/lv_win.c.obj
LOAD CMakeFiles/lvgl_guider.elf.dir/utilities/fsl_str.c.obj
LOAD CMakeFiles/lvgl_guider.elf.dir/utilities/fsl_debug_console.c.obj
LOAD CMakeFiles/lvgl_guider.elf.dir/component/serial_manager/fsl_component_serial_manager.c.obj
LOAD CMakeFiles/lvgl_guider.elf.dir/component/serial_manager/fsl_component_serial_port_uart.c.obj
LOAD CMakeFiles/lvgl_guider.elf.dir/drivers/fsl_lpuart.c.obj
LOAD CMakeFiles/lvgl_guider.elf.dir/component/uart/fsl_adapter_lpuart.c.obj
LOAD CMakeFiles/lvgl_guider.elf.dir/component/lists/fsl_component_generic_list.c.obj
LOAD CMakeFiles/lvgl_guider.elf.dir/startup/startup_MIMXRT1062.S.obj
LOAD CMakeFiles/lvgl_guider.elf.dir/device/system_MIMXRT1062.c.obj
LOAD CMakeFiles/lvgl_guider.elf.dir/utilities/fsl_assert.c.obj
LOAD CMakeFiles/lvgl_guider.elf.dir/drivers/fsl_gpio.c.obj
LOAD CMakeFiles/lvgl_guider.elf.dir/xip/fsl_flexspi_nor_boot.c.obj
LOAD CMakeFiles/lvgl_guider.elf.dir/xip/evkmimxrt1060_flexspi_nor_config.c.obj
LOAD CMakeFiles/lvgl_guider.elf.dir/utilities/fsl_sbrk.c.obj
START GROUP
LOAD d:/nxp/mcuxpressoide_11.5.1_7266/ide/tools/bin/../lib/gcc/arm-none-eabi/10.3.1/../../../../arm-none-eabi/lib/thumb/v7e-m+dp/hard\libm.a
LOAD d:/nxp/mcuxpressoide_11.5.1_7266/ide/tools/bin/../lib/gcc/arm-none-eabi/10.3.1/../../../../arm-none-eabi/lib/thumb/v7e-m+dp/hard\libc_nano.a
LOAD d:/nxp/mcuxpressoide_11.5.1_7266/ide/tools/bin/../lib/gcc/arm-none-eabi/10.3.1/thumb/v7e-m+dp/hard\libgcc.a
LOAD d:/nxp/mcuxpressoide_11.5.1_7266/ide/tools/bin/../lib/gcc/arm-none-eabi/10.3.1/../../../../arm-none-eabi/lib/thumb/v7e-m+dp/hard\libnosys.a
END GROUP
START GROUP
LOAD d:/nxp/mcuxpressoide_11.5.1_7266/ide/tools/bin/../lib/gcc/arm-none-eabi/10.3.1/thumb/v7e-m+dp/hard\libgcc.a
LOAD d:/nxp/mcuxpressoide_11.5.1_7266/ide/tools/bin/../lib/gcc/arm-none-eabi/10.3.1/../../../../arm-none-eabi/lib/thumb/v7e-m+dp/hard\libc_nano.a
END GROUP
START GROUP
LOAD d:/nxp/mcuxpressoide_11.5.1_7266/ide/tools/bin/../lib/gcc/arm-none-eabi/10.3.1/thumb/v7e-m+dp/hard\libgcc.a
LOAD d:/nxp/mcuxpressoide_11.5.1_7266/ide/tools/bin/../lib/gcc/arm-none-eabi/10.3.1/../../../../arm-none-eabi/lib/thumb/v7e-m+dp/hard\libc_nano.a
LOAD d:/nxp/mcuxpressoide_11.5.1_7266/ide/tools/bin/../lib/gcc/arm-none-eabi/10.3.1/../../../../arm-none-eabi/lib/thumb/v7e-m+dp/hard\libnosys.a
END GROUP
START GROUP
LOAD d:/nxp/mcuxpressoide_11.5.1_7266/ide/tools/bin/../lib/gcc/arm-none-eabi/10.3.1/thumb/v7e-m+dp/hard\libgcc.a
LOAD d:/nxp/mcuxpressoide_11.5.1_7266/ide/tools/bin/../lib/gcc/arm-none-eabi/10.3.1/../../../../arm-none-eabi/lib/thumb/v7e-m+dp/hard\libc_nano.a
LOAD d:/nxp/mcuxpressoide_11.5.1_7266/ide/tools/bin/../lib/gcc/arm-none-eabi/10.3.1/../../../../arm-none-eabi/lib/thumb/v7e-m+dp/hard\libnosys.a
END GROUP
LOAD d:/nxp/mcuxpressoide_11.5.1_7266/ide/tools/bin/../lib/gcc/arm-none-eabi/10.3.1/thumb/v7e-m+dp/hard/crtend.o
LOAD d:/nxp/mcuxpressoide_11.5.1_7266/ide/tools/bin/../lib/gcc/arm-none-eabi/10.3.1/thumb/v7e-m+dp/hard/crtn.o
                0x00800000                HEAP_SIZE = DEFINED (__heap_size__)?__heap_size__:0x800000
                0x00010000                STACK_SIZE = DEFINED (__stack_size__)?__stack_size__:0x10000
                0x00000000                VECTOR_RAM_SIZE = DEFINED (__ram_vector_table__)?0x400:0x0
                0x81600000                NCACHE_HEAP_START = DEFINED (__heap_noncacheable__)?(0x82000000 - HEAP_SIZE):(0x81e00000 - HEAP_SIZE)
                0x00000000                NCACHE_HEAP_SIZE = DEFINED (__heap_noncacheable__)?HEAP_SIZE:0x0
                0x81e00000                __NCACHE_REGION_START = ORIGIN (m_ncache)
                0x00200000                __NCACHE_REGION_SIZE = (LENGTH (m_ncache) + NCACHE_HEAP_SIZE)

.flash_config   0x60000000      0x200
                0x60000000                . = ALIGN (0x4)
                0x60000000                __FLASH_BASE = .
 *(.boot_hdr.conf)
 .boot_hdr.conf
                0x60000000      0x200 CMakeFiles/lvgl_guider.elf.dir/xip/evkmimxrt1060_flexspi_nor_config.c.obj
                0x60000000                qspiflash_config
                0x60000200                . = ALIGN (0x4)
                0x60001000                ivt_begin = (ORIGIN (m_flash_config) + LENGTH (m_flash_config))

.ivt            0x60001000      0x440
                0x60001000                . = ALIGN (0x4)
 *(.boot_hdr.ivt)
 .boot_hdr.ivt  0x60001000       0x20 CMakeFiles/lvgl_guider.elf.dir/xip/fsl_flexspi_nor_boot.c.obj
                0x60001000                image_vector_table
 *(.boot_hdr.boot_data)
 .boot_hdr.boot_data
                0x60001020       0x10 CMakeFiles/lvgl_guider.elf.dir/xip/fsl_flexspi_nor_boot.c.obj
                0x60001020                g_boot_data
 *(.boot_hdr.dcd_data)
 .boot_hdr.dcd_data
                0x60001030      0x410 CMakeFiles/lvgl_guider.elf.dir/board/dcd.c.obj
                0x60001030                dcd_data
                0x60001440                . = ALIGN (0x4)

.interrupts     0x60002000      0x400
                0x60002000                __VECTOR_TABLE = .
                0x60002000                __Vectors = .
                0x60002000                . = ALIGN (0x4)
 *(.isr_vector)
 .isr_vector    0x60002000      0x400 CMakeFiles/lvgl_guider.elf.dir/startup/startup_MIMXRT1062.S.obj
                0x60002000                __isr_vector
                0x60002400                . = ALIGN (0x4)

.text           0x60002400    0x37fb0
                0x60002400                . = ALIGN (0x4)
 *(.text)
 .text          0x60002400       0x40 d:/nxp/mcuxpressoide_11.5.1_7266/ide/tools/bin/../lib/gcc/arm-none-eabi/10.3.1/thumb/v7e-m+dp/hard/crtbegin.o
 .text          0x60002440       0x7c d:/nxp/mcuxpressoide_11.5.1_7266/ide/tools/bin/../lib/gcc/arm-none-eabi/10.3.1/../../../../arm-none-eabi/lib/thumb/v7e-m+dp/hard/crt0.o
                0x60002440                _stack_init
                0x60002448                _start
                0x60002448                _mainCRTStartup
 .text          0x600024bc      0x274 CMakeFiles/lvgl_guider.elf.dir/startup/startup_MIMXRT1062.S.obj
                0x600024bc                Reset_Handler
                0x60002564                PWM1_3_IRQHandler
                0x60002564                FLEXSPI2_DriverIRQHandler
                0x60002564                LPSPI2_DriverIRQHandler
                0x60002564                SJC_IRQHandler
                0x60002564                ADC_ETC_IRQ0_IRQHandler
                0x60002564                DebugMon_Handler
                0x60002564                SAI3_RX_DriverIRQHandler
                0x60002564                PXP_IRQHandler
                0x60002564                DMA13_DMA29_DriverIRQHandler
                0x60002564                CTI1_ERROR_IRQHandler
                0x60002564                Reserved86_IRQHandler
                0x60002564                SRC_IRQHandler
                0x60002564                LPSPI4_DriverIRQHandler
                0x60002564                PWM3_FAULT_IRQHandler
                0x60002564                GPIO2_Combined_0_15_IRQHandler
                0x60002564                SPDIF_DriverIRQHandler
                0x60002564                GPIO1_INT2_IRQHandler
                0x60002564                CSI_IRQHandler
                0x60002564                ENET2_DriverIRQHandler
                0x60002564                SNVS_LP_WRAPPER_IRQHandler
                0x60002564                ENC2_IRQHandler
                0x60002564                PWM2_2_IRQHandler
                0x60002564                TRNG_IRQHandler
                0x60002564                PWM4_FAULT_IRQHandler
                0x60002564                TMR1_IRQHandler
                0x60002564                GPIO1_INT7_IRQHandler
                0x60002564                CCM_1_IRQHandler
                0x60002564                CAN1_DriverIRQHandler
                0x60002564                CAN3_DriverIRQHandler
                0x60002564                ADC_ETC_IRQ1_IRQHandler
                0x60002564                PWM4_0_IRQHandler
                0x60002564                DMA_ERROR_DriverIRQHandler
                0x60002564                ENC4_IRQHandler
                0x60002564                LPSPI3_DriverIRQHandler
                0x60002564                DMA7_DMA23_DriverIRQHandler
                0x60002564                CTI0_ERROR_IRQHandler
                0x60002564                GPIO5_Combined_0_15_IRQHandler
                0x60002564                PWM1_0_IRQHandler
                0x60002564                Reserved68_IRQHandler
                0x60002564                GPIO4_Combined_16_31_IRQHandler
                0x60002564                USB_PHY2_IRQHandler
                0x60002564                DMA15_DMA31_DriverIRQHandler
                0x60002564                TSC_DIG_IRQHandler
                0x60002564                Reserved87_IRQHandler
                0x60002564                GPIO4_Combined_0_15_IRQHandler
                0x60002564                BusFault_Handler
                0x60002564                ACMP1_IRQHandler
                0x60002564                PWM2_0_IRQHandler
                0x60002564                DCP_VMI_IRQHandler
                0x60002564                DMA5_DMA21_DriverIRQHandler
                0x60002564                DMA14_DMA30_DriverIRQHandler
                0x60002564                FLEXRAM_IRQHandler
                0x60002564                ENET_1588_Timer_DriverIRQHandler
                0x60002564                GPT2_IRQHandler
                0x60002564                PWM2_1_IRQHandler
                0x60002564                ACMP2_IRQHandler
                0x60002564                PWM2_FAULT_IRQHandler
                0x60002564                FLEXIO2_DriverIRQHandler
                0x60002564                FLEXIO3_DriverIRQHandler
                0x60002564                UsageFault_Handler
                0x60002564                WDOG1_IRQHandler
                0x60002564                SAI3_TX_DriverIRQHandler
                0x60002564                PMU_EVENT_IRQHandler
                0x60002564                GPT1_IRQHandler
                0x60002564                SNVS_HP_WRAPPER_TZ_IRQHandler
                0x60002564                PWM4_1_IRQHandler
                0x60002564                USB_OTG2_IRQHandler
                0x60002564                ACMP4_IRQHandler
                0x60002564                SEMC_IRQHandler
                0x60002564                DMA0_DMA16_DriverIRQHandler
                0x60002564                DefaultISR
                0x60002564                PWM1_1_IRQHandler
                0x60002564                XBAR1_IRQ_0_1_IRQHandler
                0x60002564                DMA2_DMA18_DriverIRQHandler
                0x60002564                PWM3_0_IRQHandler
                0x60002564                USDHC1_DriverIRQHandler
                0x60002564                PWM3_3_IRQHandler
                0x60002564                GPIO1_INT0_IRQHandler
                0x60002564                TMR3_IRQHandler
                0x60002564                CSU_IRQHandler
                0x60002564                GPIO2_Combined_16_31_IRQHandler
                0x60002564                ADC1_IRQHandler
                0x60002564                FLEXIO1_DriverIRQHandler
                0x60002564                ENET_DriverIRQHandler
                0x60002564                GPIO6_7_8_9_IRQHandler
                0x60002564                GPIO1_Combined_16_31_IRQHandler
                0x60002564                Reserved143_IRQHandler
                0x60002564                RTWDOG_IRQHandler
                0x60002564                USB_PHY1_IRQHandler
                0x60002564                Reserved78_IRQHandler
                0x60002564                SAI1_DriverIRQHandler
                0x60002564                DMA12_DMA28_DriverIRQHandler
                0x60002564                ENC3_IRQHandler
                0x60002564                GPIO3_Combined_16_31_IRQHandler
                0x60002564                EWM_IRQHandler
                0x60002564                TEMP_LOW_HIGH_IRQHandler
                0x60002564                WDOG2_IRQHandler
                0x60002564                GPIO1_INT5_IRQHandler
                0x60002564                FLEXSPI_DriverIRQHandler
                0x60002564                PWM1_FAULT_IRQHandler
                0x60002564                PWM3_1_IRQHandler
                0x60002564                PWM2_3_IRQHandler
                0x60002564                ENC1_IRQHandler
                0x60002564                CORE_IRQHandler
                0x60002564                ACMP3_IRQHandler
                0x60002564                TMR4_IRQHandler
                0x60002564                DMA10_DMA26_DriverIRQHandler
                0x60002564                TEMP_PANIC_IRQHandler
                0x60002564                GPIO1_INT6_IRQHandler
                0x60002564                PWM1_2_IRQHandler
                0x60002564                Reserved144_IRQHandler
                0x60002564                GPR_IRQ_IRQHandler
                0x60002564                GPC_IRQHandler
                0x60002564                DCDC_IRQHandler
                0x60002564                GPIO3_Combined_0_15_IRQHandler
                0x60002564                PWM4_3_IRQHandler
                0x60002564                DMA3_DMA19_DriverIRQHandler
                0x60002564                DMA1_DMA17_DriverIRQHandler
                0x60002564                USB_OTG1_IRQHandler
                0x60002564                CAN2_DriverIRQHandler
                0x60002564                LPSPI1_DriverIRQHandler
                0x60002564                GPIO5_Combined_16_31_IRQHandler
                0x60002564                TMR2_IRQHandler
                0x60002564                ADC_ETC_ERROR_IRQ_IRQHandler
                0x60002564                DMA8_DMA24_DriverIRQHandler
                0x60002564                PWM4_2_IRQHandler
                0x60002564                DMA6_DMA22_DriverIRQHandler
                0x60002564                BEE_IRQHandler
                0x60002564                GPIO1_INT1_IRQHandler
                0x60002564                GPIO1_Combined_0_15_IRQHandler
                0x60002564                ADC_ETC_IRQ2_IRQHandler
                0x60002564                GPIO1_INT4_IRQHandler
                0x60002564                CCM_2_IRQHandler
                0x60002564                KPP_IRQHandler
                0x60002564                DMA9_DMA25_DriverIRQHandler
                0x60002564                ADC2_IRQHandler
                0x60002564                USDHC2_DriverIRQHandler
                0x60002564                MemManage_Handler
                0x60002564                SAI2_DriverIRQHandler
                0x60002564                GPIO1_INT3_IRQHandler
                0x60002564                PIT_IRQHandler
                0x60002564                Reserved115_IRQHandler
                0x60002564                SNVS_HP_WRAPPER_IRQHandler
                0x60002564                DMA11_DMA27_DriverIRQHandler
                0x60002564                DMA4_DMA20_DriverIRQHandler
                0x60002564                XBAR1_IRQ_2_3_IRQHandler
                0x60002564                PWM3_2_IRQHandler
                0x60002564                Reserved171_IRQHandler
                0x60002564                DCP_IRQHandler
                0x60002564                ENET2_1588_Timer_DriverIRQHandler
                0x60002568                NMI_Handler
                0x6000256c                HardFault_Handler
                0x6000257c                DMA0_DMA16_IRQHandler
                0x60002580                DMA1_DMA17_IRQHandler
                0x60002584                DMA2_DMA18_IRQHandler
                0x60002588                DMA3_DMA19_IRQHandler
                0x6000258c                DMA4_DMA20_IRQHandler
                0x60002590                DMA5_DMA21_IRQHandler
                0x60002594                DMA6_DMA22_IRQHandler
                0x60002598                DMA7_DMA23_IRQHandler
                0x6000259c                DMA8_DMA24_IRQHandler
                0x600025a0                DMA9_DMA25_IRQHandler
                0x600025a4                DMA10_DMA26_IRQHandler
                0x600025a8                DMA11_DMA27_IRQHandler
                0x600025ac                DMA12_DMA28_IRQHandler
                0x600025b0                DMA13_DMA29_IRQHandler
                0x600025b4                DMA14_DMA30_IRQHandler
                0x600025b8                DMA15_DMA31_IRQHandler
                0x600025bc                DMA_ERROR_IRQHandler
                0x600025c0                LPUART1_IRQHandler
                0x600025c4                LPUART2_IRQHandler
                0x600025c8                LPUART3_IRQHandler
                0x600025cc                LPUART4_IRQHandler
                0x600025d0                LPUART5_IRQHandler
                0x600025d4                LPUART6_IRQHandler
                0x600025d8                LPUART7_IRQHandler
                0x600025dc                LPUART8_IRQHandler
                0x600025e0                LPI2C1_IRQHandler
                0x600025e4                LPI2C2_IRQHandler
                0x600025e8                LPI2C3_IRQHandler
                0x600025ec                LPI2C4_IRQHandler
                0x600025f0                LPSPI1_IRQHandler
                0x600025f4                LPSPI2_IRQHandler
                0x600025f8                LPSPI3_IRQHandler
                0x600025fc                LPSPI4_IRQHandler
                0x60002600                CAN1_IRQHandler
                0x60002604                CAN2_IRQHandler
                0x60002608                SAI1_IRQHandler
                0x6000260c                SAI2_IRQHandler
                0x60002610                SAI3_RX_IRQHandler
                0x60002614                SAI3_TX_IRQHandler
                0x60002618                SPDIF_IRQHandler
                0x6000261c                FLEXIO1_IRQHandler
                0x60002620                FLEXIO2_IRQHandler
                0x60002624                FLEXSPI2_IRQHandler
                0x60002628                FLEXSPI_IRQHandler
                0x6000262c                USDHC1_IRQHandler
                0x60002630                USDHC2_IRQHandler
                0x60002634                ENET_IRQHandler
                0x60002638                ENET_1588_Timer_IRQHandler
                0x6000263c                ENET2_IRQHandler
                0x60002640                ENET2_1588_Timer_IRQHandler
                0x60002644                CAN3_IRQHandler
                0x60002648                FLEXIO3_IRQHandler
 .text          0x60002730       0x14 d:/nxp/mcuxpressoide_11.5.1_7266/ide/tools/bin/../lib/gcc/arm-none-eabi/10.3.1/../../../../arm-none-eabi/lib/thumb/v7e-m+dp/hard\libc_nano.a(lib_a-strcmp.o)
                0x60002730                strcmp
 .text          0x60002744       0x10 d:/nxp/mcuxpressoide_11.5.1_7266/ide/tools/bin/../lib/gcc/arm-none-eabi/10.3.1/../../../../arm-none-eabi/lib/thumb/v7e-m+dp/hard\libc_nano.a(lib_a-strlen.o)
                0x60002744                strlen
 *fill*         0x60002754        0xc 
 .text          0x60002760       0xa0 d:/nxp/mcuxpressoide_11.5.1_7266/ide/tools/bin/../lib/gcc/arm-none-eabi/10.3.1/../../../../arm-none-eabi/lib/thumb/v7e-m+dp/hard\libc_nano.a(lib_a-memchr.o)
                0x60002760                memchr
 .text          0x60002800       0x30 d:/nxp/mcuxpressoide_11.5.1_7266/ide/tools/bin/../lib/gcc/arm-none-eabi/10.3.1/thumb/v7e-m+dp/hard\libgcc.a(_aeabi_uldivmod.o)
                0x60002800                __aeabi_uldivmod
 .text          0x60002830      0x2d0 d:/nxp/mcuxpressoide_11.5.1_7266/ide/tools/bin/../lib/gcc/arm-none-eabi/10.3.1/thumb/v7e-m+dp/hard\libgcc.a(_udivmoddi4.o)
                0x60002830                __udivmoddi4
 .text          0x60002b00        0x4 d:/nxp/mcuxpressoide_11.5.1_7266/ide/tools/bin/../lib/gcc/arm-none-eabi/10.3.1/thumb/v7e-m+dp/hard\libgcc.a(_dvmd_tls.o)
                0x60002b00                __aeabi_idiv0
                0x60002b00                __aeabi_ldiv0
 *(.text*)
 .text.BOARD_DebugConsoleSrcFreq
                0x60002b04       0x60 CMakeFiles/lvgl_guider.elf.dir/board/board.c.obj
                0x60002b04                BOARD_DebugConsoleSrcFreq
 .text.BOARD_InitDebugConsole
                0x60002b64       0x18 CMakeFiles/lvgl_guider.elf.dir/board/board.c.obj
                0x60002b64                BOARD_InitDebugConsole
 .text.BOARD_LPI2C_Init
                0x60002b7c       0x2c CMakeFiles/lvgl_guider.elf.dir/board/board.c.obj
                0x60002b7c                BOARD_LPI2C_Init
 .text.BOARD_Touch_I2C_Send
                0x60002ba8       0x2c CMakeFiles/lvgl_guider.elf.dir/board/board.c.obj
                0x60002ba8                BOARD_Touch_I2C_Send
 .text.BOARD_Touch_I2C_Receive
                0x60002bd4       0x30 CMakeFiles/lvgl_guider.elf.dir/board/board.c.obj
                0x60002bd4                BOARD_Touch_I2C_Receive
 .text.BOARD_ConfigMPU
                0x60002c04      0x25c CMakeFiles/lvgl_guider.elf.dir/board/board.c.obj
                0x60002c04                BOARD_ConfigMPU
 .text.BOARD_BootClockRUN
                0x60002e60      0x898 CMakeFiles/lvgl_guider.elf.dir/board/clock_config.c.obj
                0x60002e60                BOARD_BootClockRUN
 .text.DEMO_WaitFlush
                0x600036f8       0x28 CMakeFiles/lvgl_guider.elf.dir/board/lvgl_support.c.obj
 .text.DEMO_FlushDisplay
                0x60003720       0x30 CMakeFiles/lvgl_guider.elf.dir/board/lvgl_support.c.obj
 .text.DEMO_ReadTouch
                0x60003750       0x54 CMakeFiles/lvgl_guider.elf.dir/board/lvgl_support.c.obj
 .text.BOARD_PullTouchResetPin
                0x600037a4       0x1c CMakeFiles/lvgl_guider.elf.dir/board/lvgl_support.c.obj
 .text.BOARD_ConfigTouchIntPin
                0x600037c0       0x3c CMakeFiles/lvgl_guider.elf.dir/board/lvgl_support.c.obj
 .text.lv_port_pre_init
                0x600037fc        0x4 CMakeFiles/lvgl_guider.elf.dir/board/lvgl_support.c.obj
                0x600037fc                lv_port_pre_init
 .text.lv_port_disp_init
                0x60003800      0x134 CMakeFiles/lvgl_guider.elf.dir/board/lvgl_support.c.obj
                0x60003800                lv_port_disp_init
 .text.LCDIF_IRQHandler
                0x60003934       0x68 CMakeFiles/lvgl_guider.elf.dir/board/lvgl_support.c.obj
                0x60003934                LCDIF_IRQHandler
 .text.lv_port_indev_init
                0x6000399c       0xb8 CMakeFiles/lvgl_guider.elf.dir/board/lvgl_support.c.obj
                0x6000399c                lv_port_indev_init
 .text.BOARD_InitPins
                0x60003a54      0x11c CMakeFiles/lvgl_guider.elf.dir/board/pin_mux.c.obj
                0x60003a54                BOARD_InitPins
 .text.BOARD_InitSemcPins
                0x60003b70      0x12c CMakeFiles/lvgl_guider.elf.dir/board/pin_mux.c.obj
                0x60003b70                BOARD_InitSemcPins
 .text.BOARD_InitI2C1Pins
                0x60003c9c       0x48 CMakeFiles/lvgl_guider.elf.dir/board/pin_mux.c.obj
                0x60003c9c                BOARD_InitI2C1Pins
 .text.AppTask  0x60003ce4       0x40 CMakeFiles/lvgl_guider.elf.dir/source/lvgl_guider.c.obj
 .text.startup.main
                0x60003d24       0x60 CMakeFiles/lvgl_guider.elf.dir/source/lvgl_guider.c.obj
                0x60003d24                main
 .text.vApplicationMallocFailedHook
                0x60003d84        0x4 CMakeFiles/lvgl_guider.elf.dir/source/lvgl_guider.c.obj
                0x60003d84                vApplicationMallocFailedHook
 .text.vApplicationTickHook
                0x60003d88       0x14 CMakeFiles/lvgl_guider.elf.dir/source/lvgl_guider.c.obj
                0x60003d88                vApplicationTickHook
 .text.vApplicationStackOverflowHook
                0x60003d9c        0x4 CMakeFiles/lvgl_guider.elf.dir/source/lvgl_guider.c.obj
                0x60003d9c                vApplicationStackOverflowHook
 .text.anim_wait_to_work_cb
                0x60003da0       0x48 CMakeFiles/lvgl_guider.elf.dir/custom/custom.c.obj
 .text.anim_look_at_left_cb
                0x60003de8       0x24 CMakeFiles/lvgl_guider.elf.dir/custom/custom.c.obj
 .text.anim_look_at_right_cb
                0x60003e0c       0x24 CMakeFiles/lvgl_guider.elf.dir/custom/custom.c.obj
 .text.btnm_right_event_handle
                0x60003e30       0xd4 CMakeFiles/lvgl_guider.elf.dir/custom/custom.c.obj
 .text.btnm_left_event_handle
                0x60003f04       0x74 CMakeFiles/lvgl_guider.elf.dir/custom/custom.c.obj
 .text.anim_wait_loop_cb
                0x60003f78       0x2c CMakeFiles/lvgl_guider.elf.dir/custom/custom.c.obj
 .text.custom_init
                0x60003fa4       0x2c CMakeFiles/lvgl_guider.elf.dir/custom/custom.c.obj
                0x60003fa4                custom_init
 .text.events_init
                0x60003fd0        0x4 CMakeFiles/lvgl_guider.elf.dir/generated/events_init.c.obj
                0x60003fd0                events_init
 .text.setup_ui
                0x60003fd4       0x14 CMakeFiles/lvgl_guider.elf.dir/generated/gui_guider.c.obj
                0x60003fd4                setup_ui
 .text.setup_scr_screen
                0x60003fe8      0x498 CMakeFiles/lvgl_guider.elf.dir/generated/setup_scr_screen.c.obj
                0x60003fe8                setup_scr_screen
 .text.ELCDIF_RgbModeInit
                0x60004480       0xec CMakeFiles/lvgl_guider.elf.dir/drivers/fsl_elcdif.c.obj
                0x60004480                ELCDIF_RgbModeInit
 .text.CLOCK_InitExternalClk
                0x6000456c       0x34 CMakeFiles/lvgl_guider.elf.dir/drivers/fsl_clock.c.obj
                0x6000456c                CLOCK_InitExternalClk
 .text.CLOCK_SwitchOsc
                0x600045a0       0x18 CMakeFiles/lvgl_guider.elf.dir/drivers/fsl_clock.c.obj
                0x600045a0                CLOCK_SwitchOsc
 .text.CLOCK_InitRcOsc24M
                0x600045b8       0x14 CMakeFiles/lvgl_guider.elf.dir/drivers/fsl_clock.c.obj
                0x600045b8                CLOCK_InitRcOsc24M
 .text.CLOCK_InitArmPll
                0x600045cc       0x4c CMakeFiles/lvgl_guider.elf.dir/drivers/fsl_clock.c.obj
                0x600045cc                CLOCK_InitArmPll
 .text.CLOCK_DeinitUsb2Pll
                0x60004618        0xc CMakeFiles/lvgl_guider.elf.dir/drivers/fsl_clock.c.obj
                0x60004618                CLOCK_DeinitUsb2Pll
 .text.CLOCK_DeinitAudioPll
                0x60004624       0x10 CMakeFiles/lvgl_guider.elf.dir/drivers/fsl_clock.c.obj
                0x60004624                CLOCK_DeinitAudioPll
 .text.CLOCK_InitVideoPll
                0x60004634       0xc0 CMakeFiles/lvgl_guider.elf.dir/drivers/fsl_clock.c.obj
                0x60004634                CLOCK_InitVideoPll
 .text.CLOCK_DeinitEnetPll
                0x600046f4       0x10 CMakeFiles/lvgl_guider.elf.dir/drivers/fsl_clock.c.obj
                0x600046f4                CLOCK_DeinitEnetPll
 .text.CLOCK_GetPllFreq
                0x60004704      0x22c CMakeFiles/lvgl_guider.elf.dir/drivers/fsl_clock.c.obj
                0x60004704                CLOCK_GetPllFreq
 .text.CLOCK_GetPeriphClkFreq
                0x60004930       0xe0 CMakeFiles/lvgl_guider.elf.dir/drivers/fsl_clock.c.obj
 .text.CLOCK_GetSemcFreq
                0x60004a10       0x6c CMakeFiles/lvgl_guider.elf.dir/drivers/fsl_clock.c.obj
                0x60004a10                CLOCK_GetSemcFreq
 .text.CLOCK_GetPerClkFreq
                0x60004a7c       0x5c CMakeFiles/lvgl_guider.elf.dir/drivers/fsl_clock.c.obj
                0x60004a7c                CLOCK_GetPerClkFreq
 .text.CLOCK_GetFreq
                0x60004ad8      0x274 CMakeFiles/lvgl_guider.elf.dir/drivers/fsl_clock.c.obj
                0x60004ad8                CLOCK_GetFreq
 .text.LPI2C_MasterGetDefaultConfig
                0x60004d4c       0x2c CMakeFiles/lvgl_guider.elf.dir/drivers/fsl_lpi2c.c.obj
                0x60004d4c                LPI2C_MasterGetDefaultConfig
 .text.LPI2C_MasterSetBaudRate
                0x60004d78      0x1a0 CMakeFiles/lvgl_guider.elf.dir/drivers/fsl_lpi2c.c.obj
                0x60004d78                LPI2C_MasterSetBaudRate
 .text.LPI2C_MasterInit
                0x60004f18      0x230 CMakeFiles/lvgl_guider.elf.dir/drivers/fsl_lpi2c.c.obj
                0x60004f18                LPI2C_MasterInit
 .text.LPI2C_MasterStop
                0x60005148      0x10c CMakeFiles/lvgl_guider.elf.dir/drivers/fsl_lpi2c.c.obj
                0x60005148                LPI2C_MasterStop
 .text.LPI2C_MasterReceive
                0x60005254       0xf4 CMakeFiles/lvgl_guider.elf.dir/drivers/fsl_lpi2c.c.obj
                0x60005254                LPI2C_MasterReceive
 .text.LPI2C_MasterSend
                0x60005348       0x8c CMakeFiles/lvgl_guider.elf.dir/drivers/fsl_lpi2c.c.obj
                0x60005348                LPI2C_MasterSend
 .text.LPI2C_MasterTransferBlocking
                0x600053d4      0x1f4 CMakeFiles/lvgl_guider.elf.dir/drivers/fsl_lpi2c.c.obj
                0x600053d4                LPI2C_MasterTransferBlocking
 .text.LPI2C1_DriverIRQHandler
                0x600055c8       0x48 CMakeFiles/lvgl_guider.elf.dir/drivers/fsl_lpi2c.c.obj
                0x600055c8                LPI2C1_DriverIRQHandler
 .text.LPI2C2_DriverIRQHandler
                0x60005610       0x48 CMakeFiles/lvgl_guider.elf.dir/drivers/fsl_lpi2c.c.obj
                0x60005610                LPI2C2_DriverIRQHandler
 .text.LPI2C3_DriverIRQHandler
                0x60005658       0x48 CMakeFiles/lvgl_guider.elf.dir/drivers/fsl_lpi2c.c.obj
                0x60005658                LPI2C3_DriverIRQHandler
 .text.LPI2C4_DriverIRQHandler
                0x600056a0       0x48 CMakeFiles/lvgl_guider.elf.dir/drivers/fsl_lpi2c.c.obj
                0x600056a0                LPI2C4_DriverIRQHandler
 .text.DCACHE_CleanInvalidateByRange
                0x600056e8       0x2c CMakeFiles/lvgl_guider.elf.dir/drivers/fsl_cache.c.obj
                0x600056e8                DCACHE_CleanInvalidateByRange
 .text.GT911_ReadRawTouchData
                0x60005714       0x74 CMakeFiles/lvgl_guider.elf.dir/touchpanel/fsl_gt911.c.obj
 .text.GT911_Init
                0x60005788      0x1a0 CMakeFiles/lvgl_guider.elf.dir/touchpanel/fsl_gt911.c.obj
                0x60005788                GT911_Init
 .text.GT911_GetSingleTouch
                0x60005928       0x44 CMakeFiles/lvgl_guider.elf.dir/touchpanel/fsl_gt911.c.obj
                0x60005928                GT911_GetSingleTouch
 .text.GT911_GetResolution
                0x6000596c       0x18 CMakeFiles/lvgl_guider.elf.dir/touchpanel/fsl_gt911.c.obj
                0x6000596c                GT911_GetResolution
 .text.VIDEO_DelayMs
                0x60005984       0x24 CMakeFiles/lvgl_guider.elf.dir/video/fsl_video_common.c.obj
                0x60005984                VIDEO_DelayMs
 .text.prvInsertBlockIntoFreeList
                0x600059a8       0x64 CMakeFiles/lvgl_guider.elf.dir/freertos/freertos_kernel/portable/MemMang/heap_4.c.obj
 .text.pvPortMalloc
                0x60005a0c      0x144 CMakeFiles/lvgl_guider.elf.dir/freertos/freertos_kernel/portable/MemMang/heap_4.c.obj
                0x60005a0c                pvPortMalloc
 .text.vPortFree
                0x60005b50       0x84 CMakeFiles/lvgl_guider.elf.dir/freertos/freertos_kernel/portable/MemMang/heap_4.c.obj
                0x60005b50                vPortFree
 .text.vListInitialise
                0x60005bd4       0x18 CMakeFiles/lvgl_guider.elf.dir/freertos/freertos_kernel/list.c.obj
                0x60005bd4                vListInitialise
 .text.vListInitialiseItem
                0x60005bec        0x8 CMakeFiles/lvgl_guider.elf.dir/freertos/freertos_kernel/list.c.obj
                0x60005bec                vListInitialiseItem
 .text.vListInsertEnd
                0x60005bf4       0x20 CMakeFiles/lvgl_guider.elf.dir/freertos/freertos_kernel/list.c.obj
                0x60005bf4                vListInsertEnd
 .text.vListInsert
                0x60005c14       0x30 CMakeFiles/lvgl_guider.elf.dir/freertos/freertos_kernel/list.c.obj
                0x60005c14                vListInsert
 .text.uxListRemove
                0x60005c44       0x28 CMakeFiles/lvgl_guider.elf.dir/freertos/freertos_kernel/list.c.obj
                0x60005c44                uxListRemove
 .text.prvPortStartFirstTask
                0x60005c6c       0x28 CMakeFiles/lvgl_guider.elf.dir/freertos/freertos_kernel/portable/GCC/ARM_CM4F/port.c.obj
 .text.vPortEnableVFP
                0x60005c94       0x14 CMakeFiles/lvgl_guider.elf.dir/freertos/freertos_kernel/portable/GCC/ARM_CM4F/port.c.obj
 .text.prvTaskExitError
                0x60005ca8       0x40 CMakeFiles/lvgl_guider.elf.dir/freertos/freertos_kernel/portable/GCC/ARM_CM4F/port.c.obj
 .text.pxPortInitialiseStack
                0x60005ce8       0x30 CMakeFiles/lvgl_guider.elf.dir/freertos/freertos_kernel/portable/GCC/ARM_CM4F/port.c.obj
                0x60005ce8                pxPortInitialiseStack
 *fill*         0x60005d18        0x8 
 .text.SVC_Handler
                0x60005d20       0x24 CMakeFiles/lvgl_guider.elf.dir/freertos/freertos_kernel/portable/GCC/ARM_CM4F/port.c.obj
                0x60005d20                SVC_Handler
 .text.vPortEnterCritical
                0x60005d44       0x44 CMakeFiles/lvgl_guider.elf.dir/freertos/freertos_kernel/portable/GCC/ARM_CM4F/port.c.obj
                0x60005d44                vPortEnterCritical
 .text.vPortExitCritical
                0x60005d88       0x28 CMakeFiles/lvgl_guider.elf.dir/freertos/freertos_kernel/portable/GCC/ARM_CM4F/port.c.obj
                0x60005d88                vPortExitCritical
 .text.PendSV_Handler
                0x60005db0       0x64 CMakeFiles/lvgl_guider.elf.dir/freertos/freertos_kernel/portable/GCC/ARM_CM4F/port.c.obj
                0x60005db0                PendSV_Handler
 .text.SysTick_Handler
                0x60005e14       0x2c CMakeFiles/lvgl_guider.elf.dir/freertos/freertos_kernel/portable/GCC/ARM_CM4F/port.c.obj
                0x60005e14                SysTick_Handler
 .text.vPortSetupTimerInterrupt
                0x60005e40       0x28 CMakeFiles/lvgl_guider.elf.dir/freertos/freertos_kernel/portable/GCC/ARM_CM4F/port.c.obj
                0x60005e40                vPortSetupTimerInterrupt
 .text.xPortStartScheduler
                0x60005e68      0x114 CMakeFiles/lvgl_guider.elf.dir/freertos/freertos_kernel/portable/GCC/ARM_CM4F/port.c.obj
                0x60005e68                xPortStartScheduler
 .text.vPortValidateInterruptPriority
                0x60005f7c       0x5c CMakeFiles/lvgl_guider.elf.dir/freertos/freertos_kernel/portable/GCC/ARM_CM4F/port.c.obj
                0x60005f7c                vPortValidateInterruptPriority
 .text.prvCopyDataToQueue
                0x60005fd8       0x84 CMakeFiles/lvgl_guider.elf.dir/freertos/freertos_kernel/queue.c.obj
 .text.prvUnlockQueue
                0x6000605c       0x8c CMakeFiles/lvgl_guider.elf.dir/freertos/freertos_kernel/queue.c.obj
 .text.xQueueGenericReset
                0x600060e8       0x8c CMakeFiles/lvgl_guider.elf.dir/freertos/freertos_kernel/queue.c.obj
                0x600060e8                xQueueGenericReset
 .text.xQueueGenericCreate.part.0
                0x60006174       0x74 CMakeFiles/lvgl_guider.elf.dir/freertos/freertos_kernel/queue.c.obj
 .text.xQueueGenericCreate
                0x600061e8       0x18 CMakeFiles/lvgl_guider.elf.dir/freertos/freertos_kernel/queue.c.obj
                0x600061e8                xQueueGenericCreate
 .text.xQueueGenericSend
                0x60006200      0x188 CMakeFiles/lvgl_guider.elf.dir/freertos/freertos_kernel/queue.c.obj
                0x60006200                xQueueGenericSend
 .text.xQueueGenericSendFromISR
                0x60006388       0xe4 CMakeFiles/lvgl_guider.elf.dir/freertos/freertos_kernel/queue.c.obj
                0x60006388                xQueueGenericSendFromISR
 .text.xQueueGiveFromISR
                0x6000646c       0xc8 CMakeFiles/lvgl_guider.elf.dir/freertos/freertos_kernel/queue.c.obj
                0x6000646c                xQueueGiveFromISR
 .text.xQueueReceive
                0x60006534      0x184 CMakeFiles/lvgl_guider.elf.dir/freertos/freertos_kernel/queue.c.obj
                0x60006534                xQueueReceive
 .text.xQueueSemaphoreTake
                0x600066b8      0x1b8 CMakeFiles/lvgl_guider.elf.dir/freertos/freertos_kernel/queue.c.obj
                0x600066b8                xQueueSemaphoreTake
 .text.vQueueAddToRegistry
                0x60006870       0x2c CMakeFiles/lvgl_guider.elf.dir/freertos/freertos_kernel/queue.c.obj
                0x60006870                vQueueAddToRegistry
 .text.vQueueWaitForMessageRestricted
                0x6000689c       0x50 CMakeFiles/lvgl_guider.elf.dir/freertos/freertos_kernel/queue.c.obj
                0x6000689c                vQueueWaitForMessageRestricted
 .text.prvAddCurrentTaskToDelayedList
                0x600068ec       0x8c CMakeFiles/lvgl_guider.elf.dir/freertos/freertos_kernel/tasks.c.obj
 .text.vTaskSwitchContext.part.0
                0x60006978       0x80 CMakeFiles/lvgl_guider.elf.dir/freertos/freertos_kernel/tasks.c.obj
 .text.prvIdleTask
                0x600069f8       0x6c CMakeFiles/lvgl_guider.elf.dir/freertos/freertos_kernel/tasks.c.obj
 .text.xTaskIncrementTick.part.0
                0x60006a64      0x13c CMakeFiles/lvgl_guider.elf.dir/freertos/freertos_kernel/tasks.c.obj
 .text.xTaskResumeAll.part.0
                0x60006ba0      0x134 CMakeFiles/lvgl_guider.elf.dir/freertos/freertos_kernel/tasks.c.obj
 .text.xTaskCreate
                0x60006cd4      0x1fc CMakeFiles/lvgl_guider.elf.dir/freertos/freertos_kernel/tasks.c.obj
                0x60006cd4                xTaskCreate
 .text.vTaskDelay
                0x60006ed0       0x60 CMakeFiles/lvgl_guider.elf.dir/freertos/freertos_kernel/tasks.c.obj
                0x60006ed0                vTaskDelay
 .text.vTaskStartScheduler
                0x60006f30       0x8c CMakeFiles/lvgl_guider.elf.dir/freertos/freertos_kernel/tasks.c.obj
                0x60006f30                vTaskStartScheduler
 .text.vTaskSuspendAll
                0x60006fbc       0x10 CMakeFiles/lvgl_guider.elf.dir/freertos/freertos_kernel/tasks.c.obj
                0x60006fbc                vTaskSuspendAll
 .text.xTaskResumeAll
                0x60006fcc       0x20 CMakeFiles/lvgl_guider.elf.dir/freertos/freertos_kernel/tasks.c.obj
                0x60006fcc                xTaskResumeAll
 .text.xTaskGetTickCount
                0x60006fec        0xc CMakeFiles/lvgl_guider.elf.dir/freertos/freertos_kernel/tasks.c.obj
                0x60006fec                xTaskGetTickCount
 .text.xTaskIncrementTick
                0x60006ff8       0x28 CMakeFiles/lvgl_guider.elf.dir/freertos/freertos_kernel/tasks.c.obj
                0x60006ff8                xTaskIncrementTick
 .text.vTaskSwitchContext
                0x60007020       0x1c CMakeFiles/lvgl_guider.elf.dir/freertos/freertos_kernel/tasks.c.obj
                0x60007020                vTaskSwitchContext
 .text.vTaskPlaceOnEventList
                0x6000703c       0x34 CMakeFiles/lvgl_guider.elf.dir/freertos/freertos_kernel/tasks.c.obj
                0x6000703c                vTaskPlaceOnEventList
 .text.vTaskPlaceOnEventListRestricted
                0x60007070       0x3c CMakeFiles/lvgl_guider.elf.dir/freertos/freertos_kernel/tasks.c.obj
                0x60007070                vTaskPlaceOnEventListRestricted
 .text.xTaskRemoveFromEventList
                0x600070ac       0x94 CMakeFiles/lvgl_guider.elf.dir/freertos/freertos_kernel/tasks.c.obj
                0x600070ac                xTaskRemoveFromEventList
 .text.vTaskInternalSetTimeOutState
                0x60007140       0x18 CMakeFiles/lvgl_guider.elf.dir/freertos/freertos_kernel/tasks.c.obj
                0x60007140                vTaskInternalSetTimeOutState
 .text.xTaskCheckForTimeOut
                0x60007158       0x8c CMakeFiles/lvgl_guider.elf.dir/freertos/freertos_kernel/tasks.c.obj
                0x60007158                xTaskCheckForTimeOut
 .text.vTaskMissedYield
                0x600071e4        0xc CMakeFiles/lvgl_guider.elf.dir/freertos/freertos_kernel/tasks.c.obj
                0x600071e4                vTaskMissedYield
 .text.xTaskGetSchedulerState
                0x600071f0       0x20 CMakeFiles/lvgl_guider.elf.dir/freertos/freertos_kernel/tasks.c.obj
                0x600071f0                xTaskGetSchedulerState
 .text.xTaskPriorityInherit
                0x60007210       0xa0 CMakeFiles/lvgl_guider.elf.dir/freertos/freertos_kernel/tasks.c.obj
                0x60007210                xTaskPriorityInherit
 .text.xTaskPriorityDisinherit
                0x600072b0       0xa0 CMakeFiles/lvgl_guider.elf.dir/freertos/freertos_kernel/tasks.c.obj
                0x600072b0                xTaskPriorityDisinherit
 .text.vTaskPriorityDisinheritAfterTimeout
                0x60007350       0xb8 CMakeFiles/lvgl_guider.elf.dir/freertos/freertos_kernel/tasks.c.obj
                0x60007350                vTaskPriorityDisinheritAfterTimeout
 .text.pvTaskIncrementMutexHeldCount
                0x60007408       0x18 CMakeFiles/lvgl_guider.elf.dir/freertos/freertos_kernel/tasks.c.obj
                0x60007408                pvTaskIncrementMutexHeldCount
 .text.prvCheckForValidListAndQueue
                0x60007420       0x5c CMakeFiles/lvgl_guider.elf.dir/freertos/freertos_kernel/timers.c.obj
 .text.xTimerCreateTimerTask
                0x6000747c       0x4c CMakeFiles/lvgl_guider.elf.dir/freertos/freertos_kernel/timers.c.obj
                0x6000747c                xTimerCreateTimerTask
 .text.xTimerGenericCommand
                0x600074c8       0x6c CMakeFiles/lvgl_guider.elf.dir/freertos/freertos_kernel/timers.c.obj
                0x600074c8                xTimerGenericCommand
 .text.prvSwitchTimerLists
                0x60007534       0x84 CMakeFiles/lvgl_guider.elf.dir/freertos/freertos_kernel/timers.c.obj
 .text.prvTimerTask
                0x600075b8      0x270 CMakeFiles/lvgl_guider.elf.dir/freertos/freertos_kernel/timers.c.obj
 .text.lv_disp_get_scr_act
                0x60007828       0x14 CMakeFiles/lvgl_guider.elf.dir/lvgl/lvgl/src/core/lv_disp.c.obj
                0x60007828                lv_disp_get_scr_act
 .text.lv_disp_get_scr_prev
                0x6000783c       0x14 CMakeFiles/lvgl_guider.elf.dir/lvgl/lvgl/src/core/lv_disp.c.obj
                0x6000783c                lv_disp_get_scr_prev
 .text.lv_disp_load_scr
                0x60007850       0x1c CMakeFiles/lvgl_guider.elf.dir/lvgl/lvgl/src/core/lv_disp.c.obj
                0x60007850                lv_disp_load_scr
 .text.lv_disp_get_layer_top
                0x6000786c       0x14 CMakeFiles/lvgl_guider.elf.dir/lvgl/lvgl/src/core/lv_disp.c.obj
                0x6000786c                lv_disp_get_layer_top
 .text.lv_disp_get_layer_sys
                0x60007880       0x14 CMakeFiles/lvgl_guider.elf.dir/lvgl/lvgl/src/core/lv_disp.c.obj
                0x60007880                lv_disp_get_layer_sys
 .text.lv_disp_get_theme
                0x60007894       0x10 CMakeFiles/lvgl_guider.elf.dir/lvgl/lvgl/src/core/lv_disp.c.obj
                0x60007894                lv_disp_get_theme
 .text.lv_obj_event_base
                0x600078a4       0x2c CMakeFiles/lvgl_guider.elf.dir/lvgl/lvgl/src/core/lv_event.c.obj
                0x600078a4                lv_obj_event_base
 .text.event_send_core
                0x600078d0       0xcc CMakeFiles/lvgl_guider.elf.dir/lvgl/lvgl/src/core/lv_event.c.obj
 .text.lv_event_send
                0x6000799c       0x40 CMakeFiles/lvgl_guider.elf.dir/lvgl/lvgl/src/core/lv_event.c.obj
                0x6000799c                lv_event_send
 .text.lv_event_get_target
                0x600079dc        0x4 CMakeFiles/lvgl_guider.elf.dir/lvgl/lvgl/src/core/lv_event.c.obj
                0x600079dc                lv_event_get_target
 .text.lv_event_get_code
                0x600079e0        0x4 CMakeFiles/lvgl_guider.elf.dir/lvgl/lvgl/src/core/lv_event.c.obj
                0x600079e0                lv_event_get_code
 .text.lv_event_get_param
                0x600079e4        0x4 CMakeFiles/lvgl_guider.elf.dir/lvgl/lvgl/src/core/lv_event.c.obj
                0x600079e4                lv_event_get_param
 .text.lv_event_get_user_data
                0x600079e8        0x4 CMakeFiles/lvgl_guider.elf.dir/lvgl/lvgl/src/core/lv_event.c.obj
                0x600079e8                lv_event_get_user_data
 .text._lv_event_mark_deleted
                0x600079ec       0x2c CMakeFiles/lvgl_guider.elf.dir/lvgl/lvgl/src/core/lv_event.c.obj
                0x600079ec                _lv_event_mark_deleted
 .text.lv_obj_add_event_cb
                0x60007a18       0x58 CMakeFiles/lvgl_guider.elf.dir/lvgl/lvgl/src/core/lv_event.c.obj
                0x60007a18                lv_obj_add_event_cb
 .text.lv_event_get_indev
                0x60007a70       0x10 CMakeFiles/lvgl_guider.elf.dir/lvgl/lvgl/src/core/lv_event.c.obj
                0x60007a70                lv_event_get_indev
 .text.lv_event_set_ext_draw_size
                0x60007a80       0x18 CMakeFiles/lvgl_guider.elf.dir/lvgl/lvgl/src/core/lv_event.c.obj
                0x60007a80                lv_event_set_ext_draw_size
 .text.get_indev
                0x60007a98       0x60 CMakeFiles/lvgl_guider.elf.dir/lvgl/lvgl/src/core/lv_group.c.obj
 .text.focus_next_core.part.0
                0x60007af8       0xc0 CMakeFiles/lvgl_guider.elf.dir/lvgl/lvgl/src/core/lv_group.c.obj
 .text.lv_group_refocus
                0x60007bb8       0x54 CMakeFiles/lvgl_guider.elf.dir/lvgl/lvgl/src/core/lv_group.c.obj
 .text._lv_group_init
                0x60007c0c        0xc CMakeFiles/lvgl_guider.elf.dir/lvgl/lvgl/src/core/lv_group.c.obj
                0x60007c0c                _lv_group_init
 .text.lv_group_get_default
                0x60007c18        0xc CMakeFiles/lvgl_guider.elf.dir/lvgl/lvgl/src/core/lv_group.c.obj
                0x60007c18                lv_group_get_default
 .text.lv_group_add_obj
                0x60007c24       0x74 CMakeFiles/lvgl_guider.elf.dir/lvgl/lvgl/src/core/lv_group.c.obj
                0x60007c24                lv_group_add_obj
 .text.lv_group_remove_obj
                0x60007c98       0xa0 CMakeFiles/lvgl_guider.elf.dir/lvgl/lvgl/src/core/lv_group.c.obj
                0x60007c98                lv_group_remove_obj
 .text.lv_group_focus_next
                0x60007d38       0x18 CMakeFiles/lvgl_guider.elf.dir/lvgl/lvgl/src/core/lv_group.c.obj
                0x60007d38                lv_group_focus_next
 .text.lv_group_focus_prev
                0x60007d50       0x18 CMakeFiles/lvgl_guider.elf.dir/lvgl/lvgl/src/core/lv_group.c.obj
                0x60007d50                lv_group_focus_prev
 .text.lv_group_send_data
                0x60007d68       0x28 CMakeFiles/lvgl_guider.elf.dir/lvgl/lvgl/src/core/lv_group.c.obj
                0x60007d68                lv_group_send_data
 .text.lv_group_set_editing
                0x60007d90       0x3c CMakeFiles/lvgl_guider.elf.dir/lvgl/lvgl/src/core/lv_group.c.obj
                0x60007d90                lv_group_set_editing
 .text.lv_group_focus_obj
                0x60007dcc       0x90 CMakeFiles/lvgl_guider.elf.dir/lvgl/lvgl/src/core/lv_group.c.obj
                0x60007dcc                lv_group_focus_obj
 .text.lv_group_get_focused
                0x60007e5c        0xc CMakeFiles/lvgl_guider.elf.dir/lvgl/lvgl/src/core/lv_group.c.obj
                0x60007e5c                lv_group_get_focused
 .text.lv_group_get_editing
                0x60007e68        0xc CMakeFiles/lvgl_guider.elf.dir/lvgl/lvgl/src/core/lv_group.c.obj
                0x60007e68                lv_group_get_editing
 .text.lv_group_get_obj_count
                0x60007e74        0x4 CMakeFiles/lvgl_guider.elf.dir/lvgl/lvgl/src/core/lv_group.c.obj
                0x60007e74                lv_group_get_obj_count
 .text.indev_proc_release
                0x60007e78       0xb4 CMakeFiles/lvgl_guider.elf.dir/lvgl/lvgl/src/core/lv_indev.c.obj
 .text.lv_indev_search_obj.part.0
                0x60007f2c       0x6c CMakeFiles/lvgl_guider.elf.dir/lvgl/lvgl/src/core/lv_indev.c.obj
 .text.indev_proc_press
                0x60007f98      0x51c CMakeFiles/lvgl_guider.elf.dir/lvgl/lvgl/src/core/lv_indev.c.obj
 .text.lv_indev_read_timer_cb
                0x600084b4      0x81c CMakeFiles/lvgl_guider.elf.dir/lvgl/lvgl/src/core/lv_indev.c.obj
                0x600084b4                lv_indev_read_timer_cb
 .text.lv_indev_get_act
                0x60008cd0        0xc CMakeFiles/lvgl_guider.elf.dir/lvgl/lvgl/src/core/lv_indev.c.obj
                0x60008cd0                lv_indev_get_act
 .text.lv_indev_get_type
                0x60008cdc        0x8 CMakeFiles/lvgl_guider.elf.dir/lvgl/lvgl/src/core/lv_indev.c.obj
                0x60008cdc                lv_indev_get_type
 .text.lv_indev_reset
                0x60008ce4       0xb0 CMakeFiles/lvgl_guider.elf.dir/lvgl/lvgl/src/core/lv_indev.c.obj
                0x60008ce4                lv_indev_reset
 .text.lv_indev_reset_long_press
                0x60008d94       0x1c CMakeFiles/lvgl_guider.elf.dir/lvgl/lvgl/src/core/lv_indev.c.obj
                0x60008d94                lv_indev_reset_long_press
 .text.lv_indev_get_point
                0x60008db0       0x2c CMakeFiles/lvgl_guider.elf.dir/lvgl/lvgl/src/core/lv_indev.c.obj
                0x60008db0                lv_indev_get_point
 .text.lv_indev_get_scroll_dir
                0x60008ddc       0x1c CMakeFiles/lvgl_guider.elf.dir/lvgl/lvgl/src/core/lv_indev.c.obj
                0x60008ddc                lv_indev_get_scroll_dir
 .text.lv_indev_get_scroll_obj
                0x60008df8       0x18 CMakeFiles/lvgl_guider.elf.dir/lvgl/lvgl/src/core/lv_indev.c.obj
                0x60008df8                lv_indev_get_scroll_obj
 .text.lv_indev_get_vect
                0x60008e10       0x24 CMakeFiles/lvgl_guider.elf.dir/lvgl/lvgl/src/core/lv_indev.c.obj
                0x60008e10                lv_indev_get_vect
 .text.lv_indev_wait_release
                0x60008e34        0xc CMakeFiles/lvgl_guider.elf.dir/lvgl/lvgl/src/core/lv_indev.c.obj
                0x60008e34                lv_indev_wait_release
 .text.lv_indev_get_obj_act
                0x60008e40        0xc CMakeFiles/lvgl_guider.elf.dir/lvgl/lvgl/src/core/lv_indev.c.obj
                0x60008e40                lv_indev_get_obj_act
 .text.find_snap_point_y
                0x60008e4c      0x114 CMakeFiles/lvgl_guider.elf.dir/lvgl/lvgl/src/core/lv_indev_scroll.c.obj
 .text.find_snap_point_x
                0x60008f60      0x114 CMakeFiles/lvgl_guider.elf.dir/lvgl/lvgl/src/core/lv_indev_scroll.c.obj
 .text.elastic_diff.part.0
                0x60009074      0x15c CMakeFiles/lvgl_guider.elf.dir/lvgl/lvgl/src/core/lv_indev_scroll.c.obj
 .text._lv_indev_scroll_handler
                0x600091d0      0x524 CMakeFiles/lvgl_guider.elf.dir/lvgl/lvgl/src/core/lv_indev_scroll.c.obj
                0x600091d0                _lv_indev_scroll_handler
 .text._lv_indev_scroll_throw_handler
                0x600096f4      0x330 CMakeFiles/lvgl_guider.elf.dir/lvgl/lvgl/src/core/lv_indev_scroll.c.obj
                0x600096f4                _lv_indev_scroll_throw_handler
 .text.lv_indev_scroll_throw_predict
                0x60009a24       0x54 CMakeFiles/lvgl_guider.elf.dir/lvgl/lvgl/src/core/lv_indev_scroll.c.obj
                0x60009a24                lv_indev_scroll_throw_predict
 .text.lv_obj_destructor
                0x60009a78       0x6c CMakeFiles/lvgl_guider.elf.dir/lvgl/lvgl/src/core/lv_obj.c.obj
 .text.lv_obj_constructor
                0x60009ae4       0x64 CMakeFiles/lvgl_guider.elf.dir/lvgl/lvgl/src/core/lv_obj.c.obj
 .text.lv_obj_set_state
                0x60009b48      0x250 CMakeFiles/lvgl_guider.elf.dir/lvgl/lvgl/src/core/lv_obj.c.obj
 .text.lv_obj_event
                0x60009d98      0x688 CMakeFiles/lvgl_guider.elf.dir/lvgl/lvgl/src/core/lv_obj.c.obj
 .text.lv_init  0x6000a420       0x58 CMakeFiles/lvgl_guider.elf.dir/lvgl/lvgl/src/core/lv_obj.c.obj
                0x6000a420                lv_init
 .text.lv_obj_create
                0x6000a478       0x18 CMakeFiles/lvgl_guider.elf.dir/lvgl/lvgl/src/core/lv_obj.c.obj
                0x6000a478                lv_obj_create
 .text.lv_obj_add_flag
                0x6000a490       0x4c CMakeFiles/lvgl_guider.elf.dir/lvgl/lvgl/src/core/lv_obj.c.obj
                0x6000a490                lv_obj_add_flag
 .text.lv_obj_clear_flag
                0x6000a4dc       0x54 CMakeFiles/lvgl_guider.elf.dir/lvgl/lvgl/src/core/lv_obj.c.obj
                0x6000a4dc                lv_obj_clear_flag
 .text.lv_obj_add_state
                0x6000a530       0x14 CMakeFiles/lvgl_guider.elf.dir/lvgl/lvgl/src/core/lv_obj.c.obj
                0x6000a530                lv_obj_add_state
 .text.lv_obj_clear_state
                0x6000a544       0x14 CMakeFiles/lvgl_guider.elf.dir/lvgl/lvgl/src/core/lv_obj.c.obj
                0x6000a544                lv_obj_clear_state
 .text.lv_obj_has_flag
                0x6000a558       0x10 CMakeFiles/lvgl_guider.elf.dir/lvgl/lvgl/src/core/lv_obj.c.obj
                0x6000a558                lv_obj_has_flag
 .text.lv_obj_has_flag_any
                0x6000a568        0xc CMakeFiles/lvgl_guider.elf.dir/lvgl/lvgl/src/core/lv_obj.c.obj
                0x6000a568                lv_obj_has_flag_any
 .text.lv_obj_get_state
                0x6000a574        0x4 CMakeFiles/lvgl_guider.elf.dir/lvgl/lvgl/src/core/lv_obj.c.obj
                0x6000a574                lv_obj_get_state
 .text.lv_obj_get_group
                0x6000a578        0x8 CMakeFiles/lvgl_guider.elf.dir/lvgl/lvgl/src/core/lv_obj.c.obj
                0x6000a578                lv_obj_get_group
 .text.lv_obj_allocate_spec_attr
                0x6000a580       0x38 CMakeFiles/lvgl_guider.elf.dir/lvgl/lvgl/src/core/lv_obj.c.obj
                0x6000a580                lv_obj_allocate_spec_attr
 .text.lv_obj_check_type
                0x6000a5b8       0x10 CMakeFiles/lvgl_guider.elf.dir/lvgl/lvgl/src/core/lv_obj.c.obj
                0x6000a5b8                lv_obj_check_type
 .text.lv_obj_construct
                0x6000a5c8       0x5c CMakeFiles/lvgl_guider.elf.dir/lvgl/lvgl/src/core/lv_obj_class.c.obj
 .text.lv_obj_class_create_obj
                0x6000a624       0xe8 CMakeFiles/lvgl_guider.elf.dir/lvgl/lvgl/src/core/lv_obj_class.c.obj
                0x6000a624                lv_obj_class_create_obj
 .text.lv_obj_class_init_obj
                0x6000a70c       0xc4 CMakeFiles/lvgl_guider.elf.dir/lvgl/lvgl/src/core/lv_obj_class.c.obj
                0x6000a70c                lv_obj_class_init_obj
 .text._lv_obj_destruct
                0x6000a7d0       0x1c CMakeFiles/lvgl_guider.elf.dir/lvgl/lvgl/src/core/lv_obj_class.c.obj
                0x6000a7d0                _lv_obj_destruct
 .text.lv_obj_is_editable
                0x6000a7ec       0x20 CMakeFiles/lvgl_guider.elf.dir/lvgl/lvgl/src/core/lv_obj_class.c.obj
                0x6000a7ec                lv_obj_is_editable
 .text.lv_obj_init_draw_rect_dsc
                0x6000a80c      0x2c8 CMakeFiles/lvgl_guider.elf.dir/lvgl/lvgl/src/core/lv_obj_draw.c.obj
                0x6000a80c                lv_obj_init_draw_rect_dsc
 .text.lv_obj_init_draw_label_dsc
                0x6000aad4       0xcc CMakeFiles/lvgl_guider.elf.dir/lvgl/lvgl/src/core/lv_obj_draw.c.obj
                0x6000aad4                lv_obj_init_draw_label_dsc
 .text.lv_obj_init_draw_img_dsc
                0x6000aba0       0x98 CMakeFiles/lvgl_guider.elf.dir/lvgl/lvgl/src/core/lv_obj_draw.c.obj
                0x6000aba0                lv_obj_init_draw_img_dsc
 .text.lv_obj_init_draw_line_dsc
                0x6000ac38       0xa4 CMakeFiles/lvgl_guider.elf.dir/lvgl/lvgl/src/core/lv_obj_draw.c.obj
                0x6000ac38                lv_obj_init_draw_line_dsc
 .text.lv_obj_init_draw_arc_dsc
                0x6000acdc       0x94 CMakeFiles/lvgl_guider.elf.dir/lvgl/lvgl/src/core/lv_obj_draw.c.obj
                0x6000acdc                lv_obj_init_draw_arc_dsc
 .text.lv_obj_calculate_ext_draw_size
                0x6000ad70       0xec CMakeFiles/lvgl_guider.elf.dir/lvgl/lvgl/src/core/lv_obj_draw.c.obj
                0x6000ad70                lv_obj_calculate_ext_draw_size
 .text.lv_obj_draw_dsc_init
                0x6000ae5c       0x10 CMakeFiles/lvgl_guider.elf.dir/lvgl/lvgl/src/core/lv_obj_draw.c.obj
                0x6000ae5c                lv_obj_draw_dsc_init
 .text.lv_obj_refresh_ext_draw_size
                0x6000ae6c       0x60 CMakeFiles/lvgl_guider.elf.dir/lvgl/lvgl/src/core/lv_obj_draw.c.obj
                0x6000ae6c                lv_obj_refresh_ext_draw_size
 .text._lv_obj_get_ext_draw_size
                0x6000aecc        0xc CMakeFiles/lvgl_guider.elf.dir/lvgl/lvgl/src/core/lv_obj_draw.c.obj
                0x6000aecc                _lv_obj_get_ext_draw_size
 .text.lv_obj_area_is_visible.part.0
                0x6000aed8       0xb4 CMakeFiles/lvgl_guider.elf.dir/lvgl/lvgl/src/core/lv_obj_pos.c.obj
 .text.lv_obj_set_x
                0x6000af8c       0x68 CMakeFiles/lvgl_guider.elf.dir/lvgl/lvgl/src/core/lv_obj_pos.c.obj
                0x6000af8c                lv_obj_set_x
 .text.lv_obj_set_y
                0x6000aff4       0x68 CMakeFiles/lvgl_guider.elf.dir/lvgl/lvgl/src/core/lv_obj_pos.c.obj
                0x6000aff4                lv_obj_set_y
 .text.lv_obj_set_size
                0x6000b05c       0x5c CMakeFiles/lvgl_guider.elf.dir/lvgl/lvgl/src/core/lv_obj_pos.c.obj
                0x6000b05c                lv_obj_set_size
 .text.lv_obj_set_width
                0x6000b0b8       0x34 CMakeFiles/lvgl_guider.elf.dir/lvgl/lvgl/src/core/lv_obj_pos.c.obj
                0x6000b0b8                lv_obj_set_width
 .text.lv_obj_set_height
                0x6000b0ec       0x34 CMakeFiles/lvgl_guider.elf.dir/lvgl/lvgl/src/core/lv_obj_pos.c.obj
                0x6000b0ec                lv_obj_set_height
 .text.lv_obj_is_layout_positioned
                0x6000b120       0x34 CMakeFiles/lvgl_guider.elf.dir/lvgl/lvgl/src/core/lv_obj_pos.c.obj
                0x6000b120                lv_obj_is_layout_positioned
 .text.lv_obj_set_pos
                0x6000b154       0x60 CMakeFiles/lvgl_guider.elf.dir/lvgl/lvgl/src/core/lv_obj_pos.c.obj
                0x6000b154                lv_obj_set_pos
 .text.lv_obj_mark_layout_as_dirty
                0x6000b1b4       0x24 CMakeFiles/lvgl_guider.elf.dir/lvgl/lvgl/src/core/lv_obj_pos.c.obj
                0x6000b1b4                lv_obj_mark_layout_as_dirty
 .text.lv_layout_register
                0x6000b1d8       0x3c CMakeFiles/lvgl_guider.elf.dir/lvgl/lvgl/src/core/lv_obj_pos.c.obj
                0x6000b1d8                lv_layout_register
 .text.lv_obj_align
                0x6000b214       0x68 CMakeFiles/lvgl_guider.elf.dir/lvgl/lvgl/src/core/lv_obj_pos.c.obj
                0x6000b214                lv_obj_align
 .text.lv_obj_get_coords
                0x6000b27c       0x24 CMakeFiles/lvgl_guider.elf.dir/lvgl/lvgl/src/core/lv_obj_pos.c.obj
                0x6000b27c                lv_obj_get_coords
 .text.lv_obj_get_x
                0x6000b2a0       0x44 CMakeFiles/lvgl_guider.elf.dir/lvgl/lvgl/src/core/lv_obj_pos.c.obj
                0x6000b2a0                lv_obj_get_x
 .text.lv_obj_get_y
                0x6000b2e4       0x44 CMakeFiles/lvgl_guider.elf.dir/lvgl/lvgl/src/core/lv_obj_pos.c.obj
                0x6000b2e4                lv_obj_get_y
 .text.lv_obj_get_y2
                0x6000b328       0x18 CMakeFiles/lvgl_guider.elf.dir/lvgl/lvgl/src/core/lv_obj_pos.c.obj
                0x6000b328                lv_obj_get_y2
 .text.lv_obj_get_width
                0x6000b340        0xc CMakeFiles/lvgl_guider.elf.dir/lvgl/lvgl/src/core/lv_obj_pos.c.obj
                0x6000b340                lv_obj_get_width
 .text.lv_obj_get_height
                0x6000b34c        0xc CMakeFiles/lvgl_guider.elf.dir/lvgl/lvgl/src/core/lv_obj_pos.c.obj
                0x6000b34c                lv_obj_get_height
 .text.lv_obj_get_content_width
                0x6000b358       0x40 CMakeFiles/lvgl_guider.elf.dir/lvgl/lvgl/src/core/lv_obj_pos.c.obj
                0x6000b358                lv_obj_get_content_width
 .text.lv_obj_get_content_height
                0x6000b398       0x40 CMakeFiles/lvgl_guider.elf.dir/lvgl/lvgl/src/core/lv_obj_pos.c.obj
                0x6000b398                lv_obj_get_content_height
 .text.lv_obj_get_content_coords
                0x6000b3d8       0x80 CMakeFiles/lvgl_guider.elf.dir/lvgl/lvgl/src/core/lv_obj_pos.c.obj
                0x6000b3d8                lv_obj_get_content_coords
 .text.lv_obj_get_self_width
                0x6000b458       0x28 CMakeFiles/lvgl_guider.elf.dir/lvgl/lvgl/src/core/lv_obj_pos.c.obj
                0x6000b458                lv_obj_get_self_width
 .text.lv_obj_get_self_height
                0x6000b480       0x24 CMakeFiles/lvgl_guider.elf.dir/lvgl/lvgl/src/core/lv_obj_pos.c.obj
                0x6000b480                lv_obj_get_self_height
 .text.lv_obj_refresh_self_size
                0x6000b4a4       0x54 CMakeFiles/lvgl_guider.elf.dir/lvgl/lvgl/src/core/lv_obj_pos.c.obj
                0x6000b4a4                lv_obj_refresh_self_size
 .text.lv_obj_move_children_by
                0x6000b4f8       0x78 CMakeFiles/lvgl_guider.elf.dir/lvgl/lvgl/src/core/lv_obj_pos.c.obj
                0x6000b4f8                lv_obj_move_children_by
 .text.lv_obj_invalidate_area
                0x6000b570       0x48 CMakeFiles/lvgl_guider.elf.dir/lvgl/lvgl/src/core/lv_obj_pos.c.obj
                0x6000b570                lv_obj_invalidate_area
 .text.lv_obj_move_to
                0x6000b5b8      0x1d0 CMakeFiles/lvgl_guider.elf.dir/lvgl/lvgl/src/core/lv_obj_pos.c.obj
                0x6000b5b8                lv_obj_move_to
 .text.lv_obj_refr_pos.part.0
                0x6000b788      0x2b4 CMakeFiles/lvgl_guider.elf.dir/lvgl/lvgl/src/core/lv_obj_pos.c.obj
 .text.lv_obj_invalidate
                0x6000ba3c       0x40 CMakeFiles/lvgl_guider.elf.dir/lvgl/lvgl/src/core/lv_obj_pos.c.obj
                0x6000ba3c                lv_obj_invalidate
 .text.lv_obj_is_visible
                0x6000ba7c       0x50 CMakeFiles/lvgl_guider.elf.dir/lvgl/lvgl/src/core/lv_obj_pos.c.obj
                0x6000ba7c                lv_obj_is_visible
 .text.lv_obj_set_ext_click_area
                0x6000bacc       0x10 CMakeFiles/lvgl_guider.elf.dir/lvgl/lvgl/src/core/lv_obj_pos.c.obj
                0x6000bacc                lv_obj_set_ext_click_area
 .text.lv_obj_get_click_area
                0x6000badc       0x3c CMakeFiles/lvgl_guider.elf.dir/lvgl/lvgl/src/core/lv_obj_pos.c.obj
                0x6000badc                lv_obj_get_click_area
 .text.lv_obj_hit_test
                0x6000bb18       0x80 CMakeFiles/lvgl_guider.elf.dir/lvgl/lvgl/src/core/lv_obj_pos.c.obj
                0x6000bb18                lv_obj_hit_test
 .text.lv_clamp_width
                0x6000bb98       0x90 CMakeFiles/lvgl_guider.elf.dir/lvgl/lvgl/src/core/lv_obj_pos.c.obj
                0x6000bb98                lv_clamp_width
 .text.lv_obj_refr_size.part.0
                0x6000bc28      0x328 CMakeFiles/lvgl_guider.elf.dir/lvgl/lvgl/src/core/lv_obj_pos.c.obj
 .text.lv_obj_refr_size
                0x6000bf50       0x14 CMakeFiles/lvgl_guider.elf.dir/lvgl/lvgl/src/core/lv_obj_pos.c.obj
                0x6000bf50                lv_obj_refr_size
 .text.layout_update_core
                0x6000bf64       0x98 CMakeFiles/lvgl_guider.elf.dir/lvgl/lvgl/src/core/lv_obj_pos.c.obj
 .text.lv_obj_align_to
                0x6000bffc      0x430 CMakeFiles/lvgl_guider.elf.dir/lvgl/lvgl/src/core/lv_obj_pos.c.obj
                0x6000bffc                lv_obj_align_to
 .text.lv_obj_update_layout
                0x6000c42c       0x38 CMakeFiles/lvgl_guider.elf.dir/lvgl/lvgl/src/core/lv_obj_pos.c.obj
                0x6000c42c                lv_obj_update_layout
 .text.scroll_anim_ready_cb
                0x6000c464        0xc CMakeFiles/lvgl_guider.elf.dir/lvgl/lvgl/src/core/lv_obj_scroll.c.obj
 .text.scroll_by_raw.part.0
                0x6000c470       0x40 CMakeFiles/lvgl_guider.elf.dir/lvgl/lvgl/src/core/lv_obj_scroll.c.obj
 .text.scroll_x_anim
                0x6000c4b0       0x18 CMakeFiles/lvgl_guider.elf.dir/lvgl/lvgl/src/core/lv_obj_scroll.c.obj
 .text.scroll_y_anim
                0x6000c4c8       0x18 CMakeFiles/lvgl_guider.elf.dir/lvgl/lvgl/src/core/lv_obj_scroll.c.obj
 .text.lv_obj_get_scroll_left.part.0
                0x6000c4e0       0xbc CMakeFiles/lvgl_guider.elf.dir/lvgl/lvgl/src/core/lv_obj_scroll.c.obj
 .text.lv_obj_get_scroll_right.part.0
                0x6000c59c       0xb0 CMakeFiles/lvgl_guider.elf.dir/lvgl/lvgl/src/core/lv_obj_scroll.c.obj
 .text.lv_obj_scroll_by.part.0
                0x6000c64c      0x11c CMakeFiles/lvgl_guider.elf.dir/lvgl/lvgl/src/core/lv_obj_scroll.c.obj
 .text.lv_obj_set_scrollbar_mode
                0x6000c768       0x28 CMakeFiles/lvgl_guider.elf.dir/lvgl/lvgl/src/core/lv_obj_scroll.c.obj
                0x6000c768                lv_obj_set_scrollbar_mode
 .text.lv_obj_set_scroll_dir
                0x6000c790       0x20 CMakeFiles/lvgl_guider.elf.dir/lvgl/lvgl/src/core/lv_obj_scroll.c.obj
                0x6000c790                lv_obj_set_scroll_dir
 .text.lv_obj_set_scroll_snap_x
                0x6000c7b0       0x18 CMakeFiles/lvgl_guider.elf.dir/lvgl/lvgl/src/core/lv_obj_scroll.c.obj
                0x6000c7b0                lv_obj_set_scroll_snap_x
 .text.lv_obj_set_scroll_snap_y
                0x6000c7c8       0x18 CMakeFiles/lvgl_guider.elf.dir/lvgl/lvgl/src/core/lv_obj_scroll.c.obj
                0x6000c7c8                lv_obj_set_scroll_snap_y
 .text.lv_obj_get_scroll_dir
                0x6000c7e0       0x10 CMakeFiles/lvgl_guider.elf.dir/lvgl/lvgl/src/core/lv_obj_scroll.c.obj
                0x6000c7e0                lv_obj_get_scroll_dir
 .text.lv_obj_get_scroll_snap_x
                0x6000c7f0        0xc CMakeFiles/lvgl_guider.elf.dir/lvgl/lvgl/src/core/lv_obj_scroll.c.obj
                0x6000c7f0                lv_obj_get_scroll_snap_x
 .text.lv_obj_get_scroll_snap_y
                0x6000c7fc        0xc CMakeFiles/lvgl_guider.elf.dir/lvgl/lvgl/src/core/lv_obj_scroll.c.obj
                0x6000c7fc                lv_obj_get_scroll_snap_y
 .text.lv_obj_get_scroll_x
                0x6000c808        0xc CMakeFiles/lvgl_guider.elf.dir/lvgl/lvgl/src/core/lv_obj_scroll.c.obj
                0x6000c808                lv_obj_get_scroll_x
 .text.lv_obj_get_scroll_y
                0x6000c814        0xc CMakeFiles/lvgl_guider.elf.dir/lvgl/lvgl/src/core/lv_obj_scroll.c.obj
                0x6000c814                lv_obj_get_scroll_y
 .text.lv_obj_get_scroll_top
                0x6000c820        0xc CMakeFiles/lvgl_guider.elf.dir/lvgl/lvgl/src/core/lv_obj_scroll.c.obj
                0x6000c820                lv_obj_get_scroll_top
 .text.lv_obj_get_scroll_bottom
                0x6000c82c       0xb0 CMakeFiles/lvgl_guider.elf.dir/lvgl/lvgl/src/core/lv_obj_scroll.c.obj
                0x6000c82c                lv_obj_get_scroll_bottom
 .text.scroll_area_into_view
                0x6000c8dc      0x328 CMakeFiles/lvgl_guider.elf.dir/lvgl/lvgl/src/core/lv_obj_scroll.c.obj
 .text.lv_obj_get_scroll_left
                0x6000cc04       0x2c CMakeFiles/lvgl_guider.elf.dir/lvgl/lvgl/src/core/lv_obj_scroll.c.obj
                0x6000cc04                lv_obj_get_scroll_left
 .text.lv_obj_get_scroll_right
                0x6000cc30       0x28 CMakeFiles/lvgl_guider.elf.dir/lvgl/lvgl/src/core/lv_obj_scroll.c.obj
                0x6000cc30                lv_obj_get_scroll_right
 .text.lv_obj_get_scroll_end
                0x6000cc58       0x5c CMakeFiles/lvgl_guider.elf.dir/lvgl/lvgl/src/core/lv_obj_scroll.c.obj
                0x6000cc58                lv_obj_get_scroll_end
 .text.lv_obj_scroll_by
                0x6000ccb4        0xc CMakeFiles/lvgl_guider.elf.dir/lvgl/lvgl/src/core/lv_obj_scroll.c.obj
                0x6000ccb4                lv_obj_scroll_by
 .text.lv_obj_scroll_to_x
                0x6000ccc0      0x178 CMakeFiles/lvgl_guider.elf.dir/lvgl/lvgl/src/core/lv_obj_scroll.c.obj
                0x6000ccc0                lv_obj_scroll_to_x
 .text.lv_obj_scroll_to_y
                0x6000ce38       0x64 CMakeFiles/lvgl_guider.elf.dir/lvgl/lvgl/src/core/lv_obj_scroll.c.obj
                0x6000ce38                lv_obj_scroll_to_y
 .text.lv_obj_scroll_to
                0x6000ce9c       0x1c CMakeFiles/lvgl_guider.elf.dir/lvgl/lvgl/src/core/lv_obj_scroll.c.obj
                0x6000ce9c                lv_obj_scroll_to
 .text.lv_obj_scroll_to_view_recursive
                0x6000ceb8       0x44 CMakeFiles/lvgl_guider.elf.dir/lvgl/lvgl/src/core/lv_obj_scroll.c.obj
                0x6000ceb8                lv_obj_scroll_to_view_recursive
 .text.lv_obj_get_scrollbar_area
                0x6000cefc      0x834 CMakeFiles/lvgl_guider.elf.dir/lvgl/lvgl/src/core/lv_obj_scroll.c.obj
                0x6000cefc                lv_obj_get_scrollbar_area
 .text.lv_obj_scrollbar_invalidate
                0x6000d730       0x50 CMakeFiles/lvgl_guider.elf.dir/lvgl/lvgl/src/core/lv_obj_scroll.c.obj
                0x6000d730                lv_obj_scrollbar_invalidate
 .text.lv_obj_readjust_scroll
                0x6000d780      0x100 CMakeFiles/lvgl_guider.elf.dir/lvgl/lvgl/src/core/lv_obj_scroll.c.obj
                0x6000d780                lv_obj_readjust_scroll
 .text.refresh_children_style
                0x6000d880       0x40 CMakeFiles/lvgl_guider.elf.dir/lvgl/lvgl/src/core/lv_obj_style.c.obj
 .text.get_trans_style
                0x6000d8c0       0xac CMakeFiles/lvgl_guider.elf.dir/lvgl/lvgl/src/core/lv_obj_style.c.obj
 .text.lv_obj_refresh_style.part.0
                0x6000d96c       0xac CMakeFiles/lvgl_guider.elf.dir/lvgl/lvgl/src/core/lv_obj_style.c.obj
 .text.report_style_change_core
                0x6000da18       0x68 CMakeFiles/lvgl_guider.elf.dir/lvgl/lvgl/src/core/lv_obj_style.c.obj
 .text.trans_anim_cb
                0x6000da80      0x1c4 CMakeFiles/lvgl_guider.elf.dir/lvgl/lvgl/src/core/lv_obj_style.c.obj
 .text.trans_del.isra.0
                0x6000dc44       0xc0 CMakeFiles/lvgl_guider.elf.dir/lvgl/lvgl/src/core/lv_obj_style.c.obj
 .text._lv_obj_style_init
                0x6000dd04        0xc CMakeFiles/lvgl_guider.elf.dir/lvgl/lvgl/src/core/lv_obj_style.c.obj
                0x6000dd04                _lv_obj_style_init
 .text.lv_obj_add_style
                0x6000dd10       0xd8 CMakeFiles/lvgl_guider.elf.dir/lvgl/lvgl/src/core/lv_obj_style.c.obj
                0x6000dd10                lv_obj_add_style
 .text.lv_obj_remove_style
                0x6000dde8      0x140 CMakeFiles/lvgl_guider.elf.dir/lvgl/lvgl/src/core/lv_obj_style.c.obj
                0x6000dde8                lv_obj_remove_style
 .text.trans_anim_ready_cb
                0x6000df28       0xb8 CMakeFiles/lvgl_guider.elf.dir/lvgl/lvgl/src/core/lv_obj_style.c.obj
 .text.lv_obj_report_style_change
                0x6000dfe0       0x44 CMakeFiles/lvgl_guider.elf.dir/lvgl/lvgl/src/core/lv_obj_style.c.obj
                0x6000dfe0                lv_obj_report_style_change
 .text.lv_obj_refresh_style
                0x6000e024       0x10 CMakeFiles/lvgl_guider.elf.dir/lvgl/lvgl/src/core/lv_obj_style.c.obj
                0x6000e024                lv_obj_refresh_style
 .text.lv_obj_enable_style_refresh
                0x6000e034        0xc CMakeFiles/lvgl_guider.elf.dir/lvgl/lvgl/src/core/lv_obj_style.c.obj
                0x6000e034                lv_obj_enable_style_refresh
 .text.lv_obj_get_style_prop
                0x6000e040      0x1e8 CMakeFiles/lvgl_guider.elf.dir/lvgl/lvgl/src/core/lv_obj_style.c.obj
                0x6000e040                lv_obj_get_style_prop
 .text.trans_anim_start_cb
                0x6000e228       0x44 CMakeFiles/lvgl_guider.elf.dir/lvgl/lvgl/src/core/lv_obj_style.c.obj
 .text.lv_obj_set_local_style_prop
                0x6000e26c       0xf8 CMakeFiles/lvgl_guider.elf.dir/lvgl/lvgl/src/core/lv_obj_style.c.obj
                0x6000e26c                lv_obj_set_local_style_prop
 .text.lv_obj_get_local_style_prop
                0x6000e364       0x44 CMakeFiles/lvgl_guider.elf.dir/lvgl/lvgl/src/core/lv_obj_style.c.obj
                0x6000e364                lv_obj_get_local_style_prop
 .text.lv_obj_remove_local_style_prop
                0x6000e3a8       0x40 CMakeFiles/lvgl_guider.elf.dir/lvgl/lvgl/src/core/lv_obj_style.c.obj
                0x6000e3a8                lv_obj_remove_local_style_prop
 .text._lv_obj_style_create_transition
                0x6000e3e8      0x158 CMakeFiles/lvgl_guider.elf.dir/lvgl/lvgl/src/core/lv_obj_style.c.obj
                0x6000e3e8                _lv_obj_style_create_transition
 .text._lv_obj_style_state_compare
                0x6000e540      0x268 CMakeFiles/lvgl_guider.elf.dir/lvgl/lvgl/src/core/lv_obj_style.c.obj
                0x6000e540                _lv_obj_style_state_compare
 .text.lv_obj_style_get_selector_state
                0x6000e7a8        0x4 CMakeFiles/lvgl_guider.elf.dir/lvgl/lvgl/src/core/lv_obj_style.c.obj
                0x6000e7a8                lv_obj_style_get_selector_state
 .text.lv_obj_style_get_selector_part
                0x6000e7ac        0x8 CMakeFiles/lvgl_guider.elf.dir/lvgl/lvgl/src/core/lv_obj_style.c.obj
                0x6000e7ac                lv_obj_style_get_selector_part
 .text.lv_obj_set_style_width
                0x6000e7b4       0x10 CMakeFiles/lvgl_guider.elf.dir/lvgl/lvgl/src/core/lv_obj_style_gen.c.obj
                0x6000e7b4                lv_obj_set_style_width
 .text.lv_obj_set_style_height
                0x6000e7c4       0x10 CMakeFiles/lvgl_guider.elf.dir/lvgl/lvgl/src/core/lv_obj_style_gen.c.obj
                0x6000e7c4                lv_obj_set_style_height
 .text.lv_obj_set_style_x
                0x6000e7d4       0x10 CMakeFiles/lvgl_guider.elf.dir/lvgl/lvgl/src/core/lv_obj_style_gen.c.obj
                0x6000e7d4                lv_obj_set_style_x
 .text.lv_obj_set_style_y
                0x6000e7e4       0x10 CMakeFiles/lvgl_guider.elf.dir/lvgl/lvgl/src/core/lv_obj_style_gen.c.obj
                0x6000e7e4                lv_obj_set_style_y
 .text.lv_obj_set_style_align
                0x6000e7f4       0x10 CMakeFiles/lvgl_guider.elf.dir/lvgl/lvgl/src/core/lv_obj_style_gen.c.obj
                0x6000e7f4                lv_obj_set_style_align
 .text.lv_obj_set_style_pad_top
                0x6000e804       0x10 CMakeFiles/lvgl_guider.elf.dir/lvgl/lvgl/src/core/lv_obj_style_gen.c.obj
                0x6000e804                lv_obj_set_style_pad_top
 .text.lv_obj_set_style_pad_bottom
                0x6000e814       0x10 CMakeFiles/lvgl_guider.elf.dir/lvgl/lvgl/src/core/lv_obj_style_gen.c.obj
                0x6000e814                lv_obj_set_style_pad_bottom
 .text.lv_obj_set_style_pad_left
                0x6000e824       0x10 CMakeFiles/lvgl_guider.elf.dir/lvgl/lvgl/src/core/lv_obj_style_gen.c.obj
                0x6000e824                lv_obj_set_style_pad_left
 .text.lv_obj_set_style_pad_right
                0x6000e834       0x10 CMakeFiles/lvgl_guider.elf.dir/lvgl/lvgl/src/core/lv_obj_style_gen.c.obj
                0x6000e834                lv_obj_set_style_pad_right
 .text.lv_obj_set_style_pad_column
                0x6000e844       0x10 CMakeFiles/lvgl_guider.elf.dir/lvgl/lvgl/src/core/lv_obj_style_gen.c.obj
                0x6000e844                lv_obj_set_style_pad_column
 .text.lv_obj_set_style_radius
                0x6000e854        0xc CMakeFiles/lvgl_guider.elf.dir/lvgl/lvgl/src/core/lv_obj_style_gen.c.obj
                0x6000e854                lv_obj_set_style_radius
 .text.lv_obj_set_style_layout
                0x6000e860       0x10 CMakeFiles/lvgl_guider.elf.dir/lvgl/lvgl/src/core/lv_obj_style_gen.c.obj
                0x6000e860                lv_obj_set_style_layout
 .text.lv_obj_set_style_base_dir
                0x6000e870       0x10 CMakeFiles/lvgl_guider.elf.dir/lvgl/lvgl/src/core/lv_obj_style_gen.c.obj
                0x6000e870                lv_obj_set_style_base_dir
 .text.lv_obj_set_style_bg_img_src
                0x6000e880        0xc CMakeFiles/lvgl_guider.elf.dir/lvgl/lvgl/src/core/lv_obj_style_gen.c.obj
                0x6000e880                lv_obj_set_style_bg_img_src
 .text.lv_obj_set_style_text_align
                0x6000e88c       0x10 CMakeFiles/lvgl_guider.elf.dir/lvgl/lvgl/src/core/lv_obj_style_gen.c.obj
                0x6000e88c                lv_obj_set_style_text_align
 .text.lv_obj_get_screen
                0x6000e89c       0x10 CMakeFiles/lvgl_guider.elf.dir/lvgl/lvgl/src/core/lv_obj_tree.c.obj
                0x6000e89c                lv_obj_get_screen
 .text.lv_obj_get_disp
                0x6000e8ac       0x4c CMakeFiles/lvgl_guider.elf.dir/lvgl/lvgl/src/core/lv_obj_tree.c.obj
                0x6000e8ac                lv_obj_get_disp
 .text.lv_obj_get_parent
                0x6000e8f8        0x8 CMakeFiles/lvgl_guider.elf.dir/lvgl/lvgl/src/core/lv_obj_tree.c.obj
                0x6000e8f8                lv_obj_get_parent
 .text.lv_obj_get_child
                0x6000e900       0x20 CMakeFiles/lvgl_guider.elf.dir/lvgl/lvgl/src/core/lv_obj_tree.c.obj
                0x6000e900                lv_obj_get_child
 .text.lv_obj_get_child_cnt
                0x6000e920        0x8 CMakeFiles/lvgl_guider.elf.dir/lvgl/lvgl/src/core/lv_obj_tree.c.obj
                0x6000e920                lv_obj_get_child_cnt
 .text.lv_obj_get_child_id
                0x6000e928       0x44 CMakeFiles/lvgl_guider.elf.dir/lvgl/lvgl/src/core/lv_obj_tree.c.obj
                0x6000e928                lv_obj_get_child_id
 .text.obj_del_core.part.0
                0x6000e96c      0x13c CMakeFiles/lvgl_guider.elf.dir/lvgl/lvgl/src/core/lv_obj_tree.c.obj
 .text.lv_obj_del
                0x6000eaa8       0x6c CMakeFiles/lvgl_guider.elf.dir/lvgl/lvgl/src/core/lv_obj_tree.c.obj
                0x6000eaa8                lv_obj_del
 .text.draw_buf_flush
                0x6000eb14      0x41c CMakeFiles/lvgl_guider.elf.dir/lvgl/lvgl/src/core/lv_refr.c.obj
 .text.lv_refr_get_top_obj
                0x6000ef30       0x70 CMakeFiles/lvgl_guider.elf.dir/lvgl/lvgl/src/core/lv_refr.c.obj
 .text.lv_refr_obj.part.0
                0x6000efa0      0x11c CMakeFiles/lvgl_guider.elf.dir/lvgl/lvgl/src/core/lv_refr.c.obj
 .text.lv_refr_obj_and_children
                0x6000f0bc       0xb4 CMakeFiles/lvgl_guider.elf.dir/lvgl/lvgl/src/core/lv_refr.c.obj
 .text.lv_refr_area_part
                0x6000f170      0x12c CMakeFiles/lvgl_guider.elf.dir/lvgl/lvgl/src/core/lv_refr.c.obj
 .text._lv_refr_init
                0x6000f29c        0x4 CMakeFiles/lvgl_guider.elf.dir/lvgl/lvgl/src/core/lv_refr.c.obj
                0x6000f29c                _lv_refr_init
 .text._lv_inv_area
                0x6000f2a0      0x100 CMakeFiles/lvgl_guider.elf.dir/lvgl/lvgl/src/core/lv_refr.c.obj
                0x6000f2a0                _lv_inv_area
 .text._lv_refr_get_disp_refreshing
                0x6000f3a0        0xc CMakeFiles/lvgl_guider.elf.dir/lvgl/lvgl/src/core/lv_refr.c.obj
                0x6000f3a0                _lv_refr_get_disp_refreshing
 .text._lv_disp_refr_timer
                0x6000f3ac      0x3dc CMakeFiles/lvgl_guider.elf.dir/lvgl/lvgl/src/core/lv_refr.c.obj
                0x6000f3ac                _lv_disp_refr_timer
 .text.apply_theme
                0x6000f788       0x58 CMakeFiles/lvgl_guider.elf.dir/lvgl/lvgl/src/core/lv_theme.c.obj
 .text.lv_theme_apply
                0x6000f7e0       0x78 CMakeFiles/lvgl_guider.elf.dir/lvgl/lvgl/src/core/lv_theme.c.obj
                0x6000f7e0                lv_theme_apply
 .text.lv_theme_get_color_primary
                0x6000f858       0x28 CMakeFiles/lvgl_guider.elf.dir/lvgl/lvgl/src/core/lv_theme.c.obj
                0x6000f858                lv_theme_get_color_primary
 .text.get_rounded_area
                0x6000f880       0x90 CMakeFiles/lvgl_guider.elf.dir/lvgl/lvgl/src/draw/lv_draw_arc.c.obj
 .text.lv_draw_arc_dsc_init
                0x6000f910       0x18 CMakeFiles/lvgl_guider.elf.dir/lvgl/lvgl/src/draw/lv_draw_arc.c.obj
                0x6000f910                lv_draw_arc_dsc_init
 .text.lv_draw_arc
                0x6000f928      0xae4 CMakeFiles/lvgl_guider.elf.dir/lvgl/lvgl/src/draw/lv_draw_arc.c.obj
                0x6000f928                lv_draw_arc
 .text.color_blend_true_color_subtractive
                0x6001040c       0x9c CMakeFiles/lvgl_guider.elf.dir/lvgl/lvgl/src/draw/lv_draw_blend.c.obj
 .text.color_blend_true_color_additive
                0x600104a8       0x9c CMakeFiles/lvgl_guider.elf.dir/lvgl/lvgl/src/draw/lv_draw_blend.c.obj
 .text._lv_blend_fill
                0x60010544      0xa18 CMakeFiles/lvgl_guider.elf.dir/lvgl/lvgl/src/draw/lv_draw_blend.c.obj
                0x60010544                _lv_blend_fill
 .text._lv_blend_map
                0x60010f5c      0xa7c CMakeFiles/lvgl_guider.elf.dir/lvgl/lvgl/src/draw/lv_draw_blend.c.obj
                0x60010f5c                _lv_blend_map
 .text.lv_draw_map
                0x600119d8      0x698 CMakeFiles/lvgl_guider.elf.dir/lvgl/lvgl/src/draw/lv_draw_img.c.obj
 .text.lv_draw_img_dsc_init